<html>
<body>
<pre>
<h1>µVision Build Log</h1>
<h2>Tool Versions:</h2>
IDE-Version: ¦ÌVision V5.24.2.0
Copyright (C) 2017 ARM Ltd and ARM Germany GmbH. All rights reserved.
License Information: w DELL, w, LIC=EXJT4-FFAEI-01HP1-CXV5D-ZMP3R-RJ9XB
 
Tool Versions:
Toolchain:       MDK-ARM Plus  Version: 5.24.1
Toolchain Path:  C:\softw\keil5\ARM\ARMCC\Bin
C Compiler:      Armcc.exe V5.06 update 5 (build 528)
Assembler:       Armasm.exe V5.06 update 5 (build 528)
Linker/Locator:  ArmLink.exe V5.06 update 5 (build 528)
Library Manager: ArmAr.exe V5.06 update 5 (build 528)
Hex Converter:   FromElf.exe V5.06 update 5 (build 528)
CPU DLL:         SARMCM3.DLL V5.24.1
Dialog DLL:      DCM.DLL V1.16.0.0
Target DLL:      Segger\JL2CM3.dll V2.99.26.0
Dialog DLL:      TCM.DLL V1.32.0.0
 
<h2>Project:</h2>
C:\DexExo\touch\STM32G431CBT6-0119\MDK-ARM\STM32G431CBT6.uvprojx
Project File Date:  01/20/2026

<h2>Output:</h2>
*** Using Compiler 'V5.06 update 5 (build 528)', folder: 'C:\softw\keil5\ARM\ARMCC\Bin'
Rebuild target 'STM32G431CBT6'
assembling startup_stm32g431xx.s...
compiling stm32g4xx_ll_adc.c...
compiling tim.c...
compiling main.c...
../Core/Src/main.c(621): warning:  #177-D: variable "IMU_valuesstr"  was declared but never referenced
    char IMU_valuesstr[1000];
../Core/Src/main.c(826): warning:  #1-D: last line of file ends without a newline
  #endif /* USE_FULL_ASSERT */
../Core/Src/main.c(413): warning:  #177-D: function "array_to_json"  was declared but never referenced
  static int array_to_json(char* buffer, uint16_t* array, int size) {
../Core/Src/main.c: 3 warnings, 0 errors
compiling stm32g4xx_it.c...
compiling dma.c...
compiling adc.c...
compiling spi.c...
../Core/Src/spi.c(126): warning:  #1-D: last line of file ends without a newline
  /* USER CODE END 1 */
../Core/Src/spi.c: 1 warning, 0 errors
compiling myiic.c...
..\Core\Src\myiic.c(337): warning:  #1035-D: single-precision operand implicitly converted to double-precision
      float dt = (current_time - prev_time) / 1000.0; // ×ª»»ÎªÃë
..\Core\Src\myiic.c(347): warning:  #1035-D: single-precision operand implicitly converted to double-precision
      if (yaw_dt > 360.0) yaw_dt -= 360.0;
..\Core\Src\myiic.c(347): warning:  #1035-D: single-precision operand implicitly converted to double-precision
      if (yaw_dt > 360.0) yaw_dt -= 360.0;
..\Core\Src\myiic.c(348): warning:  #1035-D: single-precision operand implicitly converted to double-precision
      if (yaw_dt < 0.0) yaw_dt += 360.0;
..\Core\Src\myiic.c(348): warning:  #1035-D: single-precision operand implicitly converted to double-precision
      if (yaw_dt < 0.0) yaw_dt += 360.0;
..\Core\Src\myiic.c: 5 warnings, 0 errors
compiling gpio.c...
../Core/Src/gpio.c(125): warning:  #1-D: last line of file ends without a newline
  /* USER CODE END 2 */
../Core/Src/gpio.c: 1 warning, 0 errors
compiling usart.c...
compiling stm32g4xx_hal_msp.c...
compiling stm32g4xx_hal.c...
compiling stm32g4xx_hal_flash.c...
compiling stm32g4xx_hal_adc.c...
compiling stm32g4xx_hal_rcc_ex.c...
compiling stm32g4xx_hal_rcc.c...
compiling stm32g4xx_hal_adc_ex.c...
compiling stm32g4xx_hal_dma_ex.c...
compiling stm32g4xx_hal_flash_ramfunc.c...
compiling stm32g4xx_hal_pwr_ex.c...
compiling stm32g4xx_hal_flash_ex.c...
compiling SEGGER_RTT_printf.c...
compiling SEGGER_RTT.c...
compiling stm32g4xx_hal_dma.c...
compiling stm32g4xx_hal_gpio.c...
compiling stm32g4xx_hal_pwr.c...
compiling stm32g4xx_hal_uart.c...
compiling stm32g4xx_hal_exti.c...
compiling stm32g4xx_hal_spi_ex.c...
compiling stm32g4xx_hal_spi.c...
compiling stm32g4xx_hal_cortex.c...
compiling stm32g4xx_hal_uart_ex.c...
compiling stm32g4xx_hal_tim_ex.c...
compiling system_stm32g4xx.c...
compiling stm32g4xx_hal_tim.c...
compiling mpu6050.c...
compiling mpuiic.c...
compiling inv_mpu.c...
compiling inv_mpu_dmp_motion_driver.c...
linking...
Program Size: Code=29804 RO-data=4052 RW-data=92 ZI-data=5452  
FromELF: creating hex file...
"STM32G431CBT6\STM32G431CBT6.axf" - 0 Error(s), 10 Warning(s).

<h2>Software Packages used:</h2>

Package Vendor: ARM
                http://www.keil.com/pack/ARM.CMSIS.5.0.1.pack
                ARM.CMSIS.5.0.1
                CMSIS (Cortex Microcontroller Software Interface Standard)
   * Component: CORE Version: 5.0.1

Package Vendor: Keil
                http://www.keil.com/pack/Keil.STM32G4xx_DFP.1.3.0.pack
                Keil.STM32G4xx_DFP.1.3.0
                STMicroelectronics STM32G4 Series Device Support, Drivers and Examples

<h2>Collection of Component include folders:</h2>
  .\RTE\_STM32G431CBT6
  C:\softw\keil5\ARM\PACK\ARM\CMSIS\5.0.1\CMSIS\Include
  C:\softw\keil5\ARM\PACK\Keil\STM32G4xx_DFP\1.3.0\Drivers\CMSIS\Device\ST\STM32G4xx\Include

<h2>Collection of Component Files used:</h2>

   * Component: ARM::CMSIS:CORE:5.0.1
Build Time Elapsed:  00:00:10
</pre>
</body>
</html>
