Component: ARM Compiler 5.06 update 5 (build 528) Tool: armlink [4d35e2]

==============================================================================

Section Cross References

    startup_stm32g431xx.o(STACK) refers (Special) to heapauxi.o(.text) for __use_two_region_memory
    startup_stm32g431xx.o(HEAP) refers (Special) to heapauxi.o(.text) for __use_two_region_memory
    startup_stm32g431xx.o(RESET) refers (Special) to heapauxi.o(.text) for __use_two_region_memory
    startup_stm32g431xx.o(RESET) refers to startup_stm32g431xx.o(STACK) for __initial_sp
    startup_stm32g431xx.o(RESET) refers to startup_stm32g431xx.o(.text) for Reset_Handler
    startup_stm32g431xx.o(RESET) refers to stm32g4xx_it.o(i.NMI_Handler) for NMI_Handler
    startup_stm32g431xx.o(RESET) refers to stm32g4xx_it.o(i.HardFault_Handler) for HardFault_Handler
    startup_stm32g431xx.o(RESET) refers to stm32g4xx_it.o(i.MemManage_Handler) for MemManage_Handler
    startup_stm32g431xx.o(RESET) refers to stm32g4xx_it.o(i.BusFault_Handler) for BusFault_Handler
    startup_stm32g431xx.o(RESET) refers to stm32g4xx_it.o(i.UsageFault_Handler) for UsageFault_Handler
    startup_stm32g431xx.o(RESET) refers to stm32g4xx_it.o(i.SVC_Handler) for SVC_Handler
    startup_stm32g431xx.o(RESET) refers to stm32g4xx_it.o(i.DebugMon_Handler) for DebugMon_Handler
    startup_stm32g431xx.o(RESET) refers to stm32g4xx_it.o(i.PendSV_Handler) for PendSV_Handler
    startup_stm32g431xx.o(RESET) refers to stm32g4xx_it.o(i.SysTick_Handler) for SysTick_Handler
    startup_stm32g431xx.o(RESET) refers to stm32g4xx_it.o(i.DMA1_Channel1_IRQHandler) for DMA1_Channel1_IRQHandler
    startup_stm32g431xx.o(RESET) refers to stm32g4xx_it.o(i.TIM2_IRQHandler) for TIM2_IRQHandler
    startup_stm32g431xx.o(RESET) refers to stm32g4xx_it.o(i.SPI1_IRQHandler) for SPI1_IRQHandler
    startup_stm32g431xx.o(RESET) refers to stm32g4xx_it.o(i.USART1_IRQHandler) for USART1_IRQHandler
    startup_stm32g431xx.o(RESET) refers to stm32g4xx_it.o(i.USART2_IRQHandler) for USART2_IRQHandler
    startup_stm32g431xx.o(RESET) refers to stm32g4xx_it.o(i.DMA2_Channel1_IRQHandler) for DMA2_Channel1_IRQHandler
    startup_stm32g431xx.o(RESET) refers to stm32g4xx_it.o(i.DMA2_Channel2_IRQHandler) for DMA2_Channel2_IRQHandler
    startup_stm32g431xx.o(.text) refers (Special) to heapauxi.o(.text) for __use_two_region_memory
    startup_stm32g431xx.o(.text) refers to system_stm32g4xx.o(i.SystemInit) for SystemInit
    startup_stm32g431xx.o(.text) refers to __main.o(!!!main) for __main
    startup_stm32g431xx.o(.text) refers to startup_stm32g431xx.o(HEAP) for Heap_Mem
    startup_stm32g431xx.o(.text) refers to startup_stm32g431xx.o(STACK) for Stack_Mem
    myiic.o(i.CalculateAngles) refers to f2d.o(x$fpl$f2d) for __aeabi_f2d
    myiic.o(i.CalculateAngles) refers to sqrt.o(i.__hardfp_sqrt) for __hardfp_sqrt
    myiic.o(i.CalculateAngles) refers to atan2.o(i.__hardfp_atan2) for __hardfp_atan2
    myiic.o(i.CalculateAngles) refers to dmul.o(x$fpl$dmul) for __aeabi_dmul
    myiic.o(i.CalculateAngles) refers to ddiv.o(x$fpl$ddiv) for __aeabi_ddiv
    myiic.o(i.CalculateAngles) refers to d2f.o(x$fpl$d2f) for __aeabi_d2f
    myiic.o(i.CalculateAngles) refers to stm32g4xx_hal.o(i.HAL_GetTick) for HAL_GetTick
    myiic.o(i.CalculateAngles) refers to myiic.o(.data) for .data
    myiic.o(i.I2C_Ack) refers to stm32g4xx_hal_gpio.o(i.HAL_GPIO_WritePin) for HAL_GPIO_WritePin
    myiic.o(i.I2C_Ack) refers to myiic.o(i.I2C_Delay) for I2C_Delay
    myiic.o(i.I2C_Init) refers to rt_memclr_w.o(.text) for __aeabi_memclr4
    myiic.o(i.I2C_Init) refers to stm32g4xx_hal_gpio.o(i.HAL_GPIO_Init) for HAL_GPIO_Init
    myiic.o(i.I2C_Init) refers to stm32g4xx_hal_gpio.o(i.HAL_GPIO_WritePin) for HAL_GPIO_WritePin
    myiic.o(i.I2C_NAck) refers to stm32g4xx_hal_gpio.o(i.HAL_GPIO_WritePin) for HAL_GPIO_WritePin
    myiic.o(i.I2C_NAck) refers to myiic.o(i.I2C_Delay) for I2C_Delay
    myiic.o(i.I2C_ReadByte) refers to rt_memclr_w.o(.text) for __aeabi_memclr4
    myiic.o(i.I2C_ReadByte) refers to stm32g4xx_hal_gpio.o(i.HAL_GPIO_Init) for HAL_GPIO_Init
    myiic.o(i.I2C_ReadByte) refers to stm32g4xx_hal_gpio.o(i.HAL_GPIO_WritePin) for HAL_GPIO_WritePin
    myiic.o(i.I2C_ReadByte) refers to myiic.o(i.I2C_Delay) for I2C_Delay
    myiic.o(i.I2C_ReadByte) refers to stm32g4xx_hal_gpio.o(i.HAL_GPIO_ReadPin) for HAL_GPIO_ReadPin
    myiic.o(i.I2C_ReadByte) refers to myiic.o(i.I2C_Ack) for I2C_Ack
    myiic.o(i.I2C_ReadByte) refers to myiic.o(i.I2C_NAck) for I2C_NAck
    myiic.o(i.I2C_SendByte) refers to stm32g4xx_hal_gpio.o(i.HAL_GPIO_WritePin) for HAL_GPIO_WritePin
    myiic.o(i.I2C_SendByte) refers to myiic.o(i.I2C_Delay) for I2C_Delay
    myiic.o(i.I2C_Start) refers to stm32g4xx_hal_gpio.o(i.HAL_GPIO_WritePin) for HAL_GPIO_WritePin
    myiic.o(i.I2C_Start) refers to myiic.o(i.I2C_Delay) for I2C_Delay
[...]
    .bss                                     0x20000ca4   Section      100  spi.o(.bss)
    .bss                                     0x20000d08   Section       76  tim.o(.bss)
    .bss                                     0x20000d54   Section      480  usart.o(.bss)
    .bss                                     0x20000f34   Section       16  inv_mpu_dmp_motion_driver.o(.bss)
    dmp                                      0x20000f34   Data          16  inv_mpu_dmp_motion_driver.o(.bss)
    .bss                                     0x20000f44   Section       96  libspace.o(.bss)
    HEAP                                     0x20000fa8   Section      512  startup_stm32g431xx.o(HEAP)
    Heap_Mem                                 0x20000fa8   Data         512  startup_stm32g431xx.o(HEAP)
    STACK                                    0x200011a8   Section     1024  startup_stm32g431xx.o(STACK)
    Stack_Mem                                0x200011a8   Data        1024  startup_stm32g431xx.o(STACK)
    __initial_sp                             0x200015a8   Data           0  startup_stm32g431xx.o(STACK)

    Global Symbols

    Symbol Name                              Value     Ov Type        Size  Object(Section)

    BuildAttributes$$THM_ISAv4$E$P$D$K$B$S$7EM$VFPi3$EXTD16$VFPS$VFMA$PE$A:L22UL41UL21$X:L11$S22US41US21$IEEE1$IW$USESV6$~STKCKD$USESV7$~SHL$OTIME$ROPI$IEEEX$EBA8$UX$STANDARDLIB$REQ8$PRES8$EABIv2 0x00000000   Number         0  anon$$obj.o ABSOLUTE
    __ARM_use_no_argv                        0x00000000   Number         0  main.o ABSOLUTE
    _printf_flags                            0x00000000   Number         0  printf_stubs.o ABSOLUTE
    _printf_return_value                     0x00000000   Number         0  printf_stubs.o ABSOLUTE
    _printf_sizespec                         0x00000000   Number         0  printf_stubs.o ABSOLUTE
    _printf_widthprec                        0x00000000   Number         0  printf_stubs.o ABSOLUTE
    __ARM_exceptions_init                     - Undefined Weak Reference
    __alloca_initialize                       - Undefined Weak Reference
    __arm_preinit_                            - Undefined Weak Reference
    __cpp_initialize__aeabi_                  - Undefined Weak Reference
    __cxa_finalize                            - Undefined Weak Reference
    __sigvec_lookup                           - Undefined Weak Reference
    __user_heap_extent                        - Undefined Weak Reference
    _atexit_init                              - Undefined Weak Reference
    _call_atexit_fns                          - Undefined Weak Reference
    _clock_init                               - Undefined Weak Reference
    _fp_trap_init                             - Undefined Weak Reference
    _fp_trap_shutdown                         - Undefined Weak Reference
    _get_lc_collate                           - Undefined Weak Reference
    _get_lc_ctype                             - Undefined Weak Reference
    _get_lc_monetary                          - Undefined Weak Reference
    _get_lc_time                              - Undefined Weak Reference
    _getenv_init                              - Undefined Weak Reference
    _handle_redirection                       - Undefined Weak Reference
    _mutex_acquire                            - Undefined Weak Reference
    _mutex_free                               - Undefined Weak Reference
    _mutex_release                            - Undefined Weak Reference
    _printf_truncate_signed                   - Undefined Weak Reference
    _printf_truncate_unsigned                 - Undefined Weak Reference
    _rand_init                                - Undefined Weak Reference
    _signal_finish                            - Undefined Weak Reference
    _signal_init                              - Undefined Weak Reference
    __Vectors_Size                           0x000001d8   Number         0  startup_stm32g431xx.o ABSOLUTE
    __Vectors                                0x08000000   Data           4  startup_stm32g431xx.o(RESET)
    __Vectors_End                            0x080001d8   Data           0  startup_stm32g431xx.o(RESET)
    __main                                   0x080001d9   Thumb Code     8  __main.o(!!!main)
    __scatterload                            0x080001e1   Thumb Code     0  __scatter.o(!!!scatter)
    __scatterload_rt2                        0x080001e1   Thumb Code    44  __scatter.o(!!!scatter)
    __scatterload_rt2_thumb_only             0x080001e1   Thumb Code     0  __scatter.o(!!!scatter)
    __scatterload_null                       0x080001ef   Thumb Code     0  __scatter.o(!!!scatter)
    __scatterload_copy                       0x08000215   Thumb Code    26  __scatter_copy.o(!!handler_copy)
    __scatterload_zeroinit                   0x08000231   Thumb Code    28  __scatter_zi.o(!!handler_zi)
    _printf_f                                0x0800024d   Thumb Code     0  _printf_f.o(.ARM.Collect$$_printf_percent$$00000003)
    _printf_percent                          0x0800024d   Thumb Code     0  _printf_percent.o(.ARM.Collect$$_printf_percent$$00000000)
    _printf_u                                0x08000253   Thumb Code     0  _printf_u.o(.ARM.Collect$$_printf_percent$$0000000A)
    _printf_percent_end                      0x08000259   Thumb Code     0  _printf_percent_end.o(.ARM.Collect$$_printf_percent$$00000017)
    __rt_lib_init                            0x0800025d   Thumb Code     0  libinit.o(.ARM.Collect$$libinit$$00000000)
    __rt_lib_init_fp_1                       0x0800025f   Thumb Code     0  libinit2.o(.ARM.Collect$$libinit$$00000001)
    __rt_lib_init_heap_1                     0x08000263   Thumb Code     0  libinit2.o(.ARM.Collect$$libinit$$0000000A)
    __rt_lib_init_lc_common                  0x08000263   Thumb Code     0  libinit2.o(.ARM.Collect$$libinit$$0000000F)
    __rt_lib_init_preinit_1                  0x08000263   Thumb Code     0  libinit2.o(.ARM.Collect$$libinit$$00000004)
    __rt_lib_init_rand_1                     0x08000263   Thumb Code     0  libinit2.o(.ARM.Collect$$libinit$$0000000E)
    __rt_lib_init_user_alloc_1               0x08000263   Thumb Code     0  libinit2.o(.ARM.Collect$$libinit$$0000000C)
    __rt_lib_init_lc_collate_1               0x08000269   Thumb Code     0  libinit2.o(.ARM.Collect$$libinit$$00000011)
    __rt_lib_init_lc_ctype_1                 0x08000269   Thumb Code     0  libinit2.o(.ARM.Collect$$libinit$$00000013)
    __rt_lib_init_lc_monetary_1              0x08000269   Thumb Code     0  libinit2.o(.ARM.Collect$$libinit$$00000015)
    __rt_lib_init_lc_numeric_2               0x08000269   Thumb Code     0  libinit2.o(.ARM.Collect$$libinit$$00000016)
    __rt_lib_init_alloca_1                   0x08000273   Thumb Code     0  libinit2.o(.ARM.Collect$$libinit$$0000002E)
    __rt_lib_init_argv_1                     0x08000273   Thumb Code     0  libinit2.o(.ARM.Collect$$libinit$$0000002C)
    __rt_lib_init_atexit_1                   0x08000273   Thumb Code     0  libinit2.o(.ARM.Collect$$libinit$$0000001B)
    __rt_lib_init_clock_1                    0x08000273   Thumb Code     0  libinit2.o(.ARM.Collect$$libinit$$00000021)
    __rt_lib_init_cpp_1                      0x08000273   Thumb Code     0  libinit2.o(.ARM.Collect$$libinit$$00000032)
    __rt_lib_init_exceptions_1               0x08000273   Thumb Code     0  libinit2.o(.ARM.Collect$$libinit$$00000030)
    __rt_lib_init_fp_trap_1                  0x08000273   Thumb Code     0  libinit2.o(.ARM.Collect$$libinit$$0000001F)
    __rt_lib_init_getenv_1                   0x08000273   Thumb Code     0  libinit2.o(.ARM.Collect$$libinit$$00000023)
    __rt_lib_init_lc_numeric_1               0x08000273   Thumb Code     0  libinit2.o(.ARM.Collect$$libinit$$00000017)
    __rt_lib_init_lc_time_1                  0x08000273   Thumb Code     0  libinit2.o(.ARM.Collect$$libinit$$00000019)
    __rt_lib_init_return                     0x08000273   Thumb Code     0  libinit2.o(.ARM.Collect$$libinit$$00000033)
    __rt_lib_init_signal_1                   0x08000273   Thumb Code     0  libinit2.o(.ARM.Collect$$libinit$$0000001D)
    __rt_lib_init_stdio_1                    0x08000273   Thumb Code     0  libinit2.o(.ARM.Collect$$libinit$$00000025)
    __rt_lib_shutdown                        0x08000275   Thumb Code     0  libshutdown.o(.ARM.Collect$$libshutdown$$00000000)
    __rt_lib_shutdown_cpp_1                  0x08000277   Thumb Code     0  libshutdown2.o(.ARM.Collect$$libshutdown$$00000002)
    __rt_lib_shutdown_fp_trap_1              0x08000277   Thumb Code     0  libshutdown2.o(.ARM.Collect$$libshutdown$$00000007)
    __rt_lib_shutdown_heap_1                 0x08000277   Thumb Code     0  libshutdown2.o(.ARM.Collect$$libshutdown$$0000000F)
    __rt_lib_shutdown_return                 0x08000277   Thumb Code     0  libshutdown2.o(.ARM.Collect$$libshutdown$$00000010)
    __rt_lib_shutdown_signal_1               0x08000277   Thumb Code     0  libshutdown2.o(.ARM.Collect$$libshutdown$$0000000A)
    __rt_lib_shutdown_stdio_1                0x08000277   Thumb Code     0  libshutdown2.o(.ARM.Collect$$libshutdown$$00000004)
    __rt_lib_shutdown_user_alloc_1           0x08000277   Thumb Code     0  libshutdown2.o(.ARM.Collect$$libshutdown$$0000000C)
    __rt_entry                               0x08000279   Thumb Code     0  __rtentry.o(.ARM.Collect$$rtentry$$00000000)
    __rt_entry_presh_1                       0x08000279   Thumb Code     0  __rtentry2.o(.ARM.Collect$$rtentry$$00000002)
    __rt_entry_sh                            0x08000279   Thumb Code     0  __rtentry4.o(.ARM.Collect$$rtentry$$00000004)
    __rt_entry_li                            0x0800027f   Thumb Code     0  __rtentry2.o(.ARM.Collect$$rtentry$$0000000A)
    __rt_entry_postsh_1                      0x0800027f   Thumb Code     0  __rtentry2.o(.ARM.Collect$$rtentry$$00000009)
    __rt_entry_main                          0x08000283   Thumb Code     0  __rtentry2.o(.ARM.Collect$$rtentry$$0000000D)
    __rt_entry_postli_1                      0x08000283   Thumb Code     0  __rtentry2.o(.ARM.Collect$$rtentry$$0000000C)
    __rt_exit                                0x0800028b   Thumb Code     0  rtexit.o(.ARM.Collect$$rtexit$$00000000)
    __rt_exit_ls                             0x0800028d   Thumb Code     0  rtexit2.o(.ARM.Collect$$rtexit$$00000003)
    __rt_exit_prels_1                        0x0800028d   Thumb Code     0  rtexit2.o(.ARM.Collect$$rtexit$$00000002)
    __rt_exit_exit                           0x08000291   Thumb Code     0  rtexit2.o(.ARM.Collect$$rtexit$$00000004)
    Reset_Handler                            0x08000299   Thumb Code     8  startup_stm32g431xx.o(.text)
    ADC1_2_IRQHandler                        0x080002b3   Thumb Code     0  startup_stm32g431xx.o(.text)
    COMP1_2_3_IRQHandler                     0x080002b3   Thumb Code     0  startup_stm32g431xx.o(.text)
    COMP4_IRQHandler                         0x080002b3   Thumb Code     0  startup_stm32g431xx.o(.text)
    CORDIC_IRQHandler                        0x080002b3   Thumb Code     0  startup_stm32g431xx.o(.text)
    CRS_IRQHandler                           0x080002b3   Thumb Code     0  startup_stm32g431xx.o(.text)
    DMA1_Channel2_IRQHandler                 0x080002b3   Thumb Code     0  startup_stm32g431xx.o(.text)
    DMA1_Channel3_IRQHandler                 0x080002b3   Thumb Code     0  startup_stm32g431xx.o(.text)
    DMA1_Channel4_IRQHandler                 0x080002b3   Thumb Code     0  startup_stm32g431xx.o(.text)
    DMA1_Channel5_IRQHandler                 0x080002b3   Thumb Code     0  startup_stm32g431xx.o(.text)
    DMA1_Channel6_IRQHandler                 0x080002b3   Thumb Code     0  startup_stm32g431xx.o(.text)
    DMA2_Channel3_IRQHandler                 0x080002b3   Thumb Code     0  startup_stm32g431xx.o(.text)
    DMA2_Channel4_IRQHandler                 0x080002b3   Thumb Code     0  startup_stm32g431xx.o(.text)
    DMA2_Channel5_IRQHandler                 0x080002b3   Thumb Code     0  startup_stm32g431xx.o(.text)
    DMA2_Channel6_IRQHandler                 0x080002b3   Thumb Code     0  startup_stm32g431xx.o(.text)
    DMAMUX_OVR_IRQHandler                    0x080002b3   Thumb Code     0  startup_stm32g431xx.o(.text)
    EXTI0_IRQHandler                         0x080002b3   Thumb Code     0  startup_stm32g431xx.o(.text)
    EXTI15_10_IRQHandler                     0x080002b3   Thumb Code     0  startup_stm32g431xx.o(.text)
    EXTI1_IRQHandler                         0x080002b3   Thumb Code     0  startup_stm32g431xx.o(.text)
    EXTI2_IRQHandler                         0x080002b3   Thumb Code     0  startup_stm32g431xx.o(.text)
    EXTI3_IRQHandler                         0x080002b3   Thumb Code     0  startup_stm32g431xx.o(.text)
    EXTI4_IRQHandler                         0x080002b3   Thumb Code     0  startup_stm32g431xx.o(.text)
    EXTI9_5_IRQHandler                       0x080002b3   Thumb Code     0  startup_stm32g431xx.o(.text)
    FDCAN1_IT0_IRQHandler                    0x080002b3   Thumb Code     0  startup_stm32g431xx.o(.text)
    FDCAN1_IT1_IRQHandler                    0x080002b3   Thumb Code     0  startup_stm32g431xx.o(.text)
    FLASH_IRQHandler                         0x080002b3   Thumb Code     0  startup_stm32g431xx.o(.text)
    FMAC_IRQHandler                          0x080002b3   Thumb Code     0  startup_stm32g431xx.o(.text)
    FPU_IRQHandler                           0x080002b3   Thumb Code     0  startup_stm32g431xx.o(.text)
    I2C1_ER_IRQHandler                       0x080002b3   Thumb Code     0  startup_stm32g431xx.o(.text)
    I2C1_EV_IRQHandler                       0x080002b3   Thumb Code     0  startup_stm32g431xx.o(.text)
    I2C2_ER_IRQHandler                       0x080002b3   Thumb Code     0  startup_stm32g431xx.o(.text)
    I2C2_EV_IRQHandler                       0x080002b3   Thumb Code     0  startup_stm32g431xx.o(.text)
    I2C3_ER_IRQHandler                       0x080002b3   Thumb Code     0  startup_stm32g431xx.o(.text)
    I2C3_EV_IRQHandler                       0x080002b3   Thumb Code     0  startup_stm32g431xx.o(.text)
    LPTIM1_IRQHandler                        0x080002b3   Thumb Code     0  startup_stm32g431xx.o(.text)
    LPUART1_IRQHandler                       0x080002b3   Thumb Code     0  startup_stm32g431xx.o(.text)
    PVD_PVM_IRQHandler                       0x080002b3   Thumb Code     0  startup_stm32g431xx.o(.text)
    RCC_IRQHandler                           0x080002b3   Thumb Code     0  startup_stm32g431xx.o(.text)
    RNG_IRQHandler                           0x080002b3   Thumb Code     0  startup_stm32g431xx.o(.text)
    RTC_Alarm_IRQHandler                     0x080002b3   Thumb Code     0  startup_stm32g431xx.o(.text)
    RTC_TAMP_LSECSS_IRQHandler               0x080002b3   Thumb Code     0  startup_stm32g431xx.o(.text)
    RTC_WKUP_IRQHandler                      0x080002b3   Thumb Code     0  startup_stm32g431xx.o(.text)
    SAI1_IRQHandler                          0x080002b3   Thumb Code     0  startup_stm32g431xx.o(.text)
    SPI2_IRQHandler                          0x080002b3   Thumb Code     0  startup_stm32g431xx.o(.text)
    SPI3_IRQHandler                          0x080002b3   Thumb Code     0  startup_stm32g431xx.o(.text)
    TIM1_BRK_TIM15_IRQHandler                0x080002b3   Thumb Code     0  startup_stm32g431xx.o(.text)
    TIM1_CC_IRQHandler                       0x080002b3   Thumb Code     0  startup_stm32g431xx.o(.text)
    TIM1_TRG_COM_TIM17_IRQHandler            0x080002b3   Thumb Code     0  startup_stm32g431xx.o(.text)
    TIM1_UP_TIM16_IRQHandler                 0x080002b3   Thumb Code     0  startup_stm32g431xx.o(.text)
    TIM3_IRQHandler                          0x080002b3   Thumb Code     0  startup_stm32g431xx.o(.text)
    TIM4_IRQHandler                          0x080002b3   Thumb Code     0  startup_stm32g431xx.o(.text)
    TIM6_DAC_IRQHandler                      0x080002b3   Thumb Code     0  startup_stm32g431xx.o(.text)
    TIM7_IRQHandler                          0x080002b3   Thumb Code     0  startup_stm32g431xx.o(.text)
    TIM8_BRK_IRQHandler                      0x080002b3   Thumb Code     0  startup_stm32g431xx.o(.text)
    TIM8_CC_IRQHandler                       0x080002b3   Thumb Code     0  startup_stm32g431xx.o(.text)
    TIM8_TRG_COM_IRQHandler                  0x080002b3   Thumb Code     0  startup_stm32g431xx.o(.text)
    TIM8_UP_IRQHandler                       0x080002b3   Thumb Code     0  startup_stm32g431xx.o(.text)
    UART4_IRQHandler                         0x080002b3   Thumb Code     0  startup_stm32g431xx.o(.text)
    UCPD1_IRQHandler                         0x080002b3   Thumb Code     0  startup_stm32g431xx.o(.text)
    USART3_IRQHandler                        0x080002b3   Thumb Code     0  startup_stm32g431xx.o(.text)
    USBWakeUp_IRQHandler                     0x080002b3   Thumb Code     0  startup_stm32g431xx.o(.text)
    USB_HP_IRQHandler                        0x080002b3   Thumb Code     0  startup_stm32g431xx.o(.text)
    USB_LP_IRQHandler                        0x080002b3   Thumb Code     0  startup_stm32g431xx.o(.text)
    WWDG_IRQHandler                          0x080002b3   Thumb Code     0  startup_stm32g431xx.o(.text)
    __user_initial_stackheap                 0x080002b5   Thumb Code     0  startup_stm32g431xx.o(.text)
    __aeabi_uldivmod                         0x080002d9   Thumb Code     0  lludivv7m.o(.text)
    _ll_udiv                                 0x080002d9   Thumb Code   238  lludivv7m.o(.text)
    __aeabi_ldivmod                          0x080003c7   Thumb Code     0  llsdiv.o(.text)
    _ll_sdiv                                 0x080003c7   Thumb Code    72  llsdiv.o(.text)
    __2sprintf                               0x08000411   Thumb Code    38  __2sprintf.o(.text)
    __2snprintf                              0x0800043d   Thumb Code    50  __2snprintf.o(.text)
    _printf_int_dec                          0x08000475   Thumb Code   104  _printf_dec.o(.text)
    __printf                                 0x080004ed   Thumb Code   388  __printf_flags_ss_wp.o(.text)
    memcmp                                   0x08000675   Thumb Code    88  memcmp.o(.text)
    strlen                                   0x080006cd   Thumb Code    62  strlen.o(.text)
    __aeabi_memset                           0x0800070b   Thumb Code    16  aeabi_memset.o(.text)
    __aeabi_memclr4                          0x0800071b   Thumb Code     0  rt_memclr_w.o(.text)
    __aeabi_memclr8                          0x0800071b   Thumb Code     0  rt_memclr_w.o(.text)
    __rt_memclr_w                            0x0800071b   Thumb Code    78  rt_memclr_w.o(.text)
    _memset_w                                0x0800071f   Thumb Code     0  rt_memclr_w.o(.text)
    strcmp                                   0x08000769   Thumb Code   128  strcmpv7m.o(.text)
    __use_two_region_memory                  0x080007e9   Thumb Code     2  heapauxi.o(.text)
    __rt_heap_escrow                         0x080007eb   Thumb Code     2  heapauxi.o(.text)
    __rt_heap_expand                         0x080007ed   Thumb Code     2  heapauxi.o(.text)
    _printf_int_common                       0x080007ef   Thumb Code   178  _printf_intcommon.o(.text)
    __lib_sel_fp_printf                      0x080008a1   Thumb Code     2  _printf_fp_dec.o(.text)
    _printf_fp_dec_real                      0x08000a53   Thumb Code   620  _printf_fp_dec.o(.text)
    _printf_char_common                      0x08000ccb   Thumb Code    32  _printf_char_common.o(.text)
    _sputc                                   0x08000cf1   Thumb Code    10  _sputc.o(.text)
    _snputc                                  0x08000cfb   Thumb Code    16  _snputc.o(.text)
    __aeabi_memclr                           0x08000d0b   Thumb Code     0  rt_memclr.o(.text)
    __rt_memclr                              0x08000d0b   Thumb Code    68  rt_memclr.o(.text)
    _memset                                  0x08000d0f   Thumb Code     0  rt_memclr.o(.text)
    __rt_locale                              0x08000d51   Thumb Code     8  rt_locale_intlibspace.o(.text)
    _ll_udiv10                               0x08000d59   Thumb Code   138  lludiv10.o(.text)
    _printf_fp_infnan                        0x08000de5   Thumb Code   112  _printf_fp_infnan.o(.text)
    _btod_etento                             0x08000e65   Thumb Code   224  bigflt0.o(.text)
    __user_libspace                          0x08000f49   Thumb Code     8  libspace.o(.text)
    __user_perproc_libspace                  0x08000f49   Thumb Code     0  libspace.o(.text)
    __user_perthread_libspace                0x08000f49   Thumb Code     0  libspace.o(.text)
    __user_setup_stackheap                   0x08000f51   Thumb Code    74  sys_stackheap_outer.o(.text)
    exit                                     0x08000f9b   Thumb Code    18  exit.o(.text)
    __I$use$semihosting                      0x08000fad   Thumb Code     0  use_no_semi.o(.text)
    __use_no_semihosting_swi                 0x08000fad   Thumb Code     2  use_no_semi.o(.text)
    __semihosting_library_function           0x08000faf   Thumb Code     0  indicate_semi.o(.text)
    _sys_exit                                0x08000fb1   Thumb Code     8  sys_exit.o(.text)
    _btod_d2e                                0x08000fbd   Thumb Code    62  btod.o(CL$$btod_d2e)
    _d2e_denorm_low                          0x08000ffb   Thumb Code    70  btod.o(CL$$btod_d2e_denorm_low)
    _d2e_norm_op1                            0x08001041   Thumb Code    96  btod.o(CL$$btod_d2e_norm_op1)
    __btod_div_common                        0x080010a1   Thumb Code   696  btod.o(CL$$btod_div_common)
    _e2e                                     0x080013d9   Thumb Code   220  btod.o(CL$$btod_e2e)
    _btod_ediv                               0x080014b5   Thumb Code    42  btod.o(CL$$btod_ediv)
    _btod_emul                               0x080014df   Thumb Code    42  btod.o(CL$$btod_emul)
    __btod_mult_common                       0x08001509   Thumb Code   580  btod.o(CL$$btod_mult_common)
    ADC_DMAConvCplt                          0x0800174d   Thumb Code   104  stm32g4xx_hal_adc.o(i.ADC_DMAConvCplt)
    ADC_DMAError                             0x080017b5   Thumb Code    26  stm32g4xx_hal_adc.o(i.ADC_DMAError)
    ADC_DMAHalfConvCplt                      0x080017cf   Thumb Code    10  stm32g4xx_hal_adc.o(i.ADC_DMAHalfConvCplt)
    ADC_Disable                              0x080017d9   Thumb Code   106  stm32g4xx_hal_adc.o(i.ADC_Disable)
    ADC_Enable                               0x08001849   Thumb Code   110  stm32g4xx_hal_adc.o(i.ADC_Enable)
    BusFault_Handler                         0x080018bd   Thumb Code     2  stm32g4xx_it.o(i.BusFault_Handler)
    DMA1_Channel1_IRQHandler                 0x080018c1   Thumb Code    16  stm32g4xx_it.o(i.DMA1_Channel1_IRQHandler)
    DMA2_Channel1_IRQHandler                 0x080018d9   Thumb Code     6  stm32g4xx_it.o(i.DMA2_Channel1_IRQHandler)
    DMA2_Channel2_IRQHandler                 0x080018e5   Thumb Code     6  stm32g4xx_it.o(i.DMA2_Channel2_IRQHandler)
    DebugMon_Handler                         0x08001993   Thumb Code     2  stm32g4xx_it.o(i.DebugMon_Handler)
    Error_Handler                            0x08001995   Thumb Code     4  main.o(i.Error_Handler)
    HAL_ADCEx_Calibration_Start              0x08001999   Thumb Code   138  stm32g4xx_hal_adc_ex.o(i.HAL_ADCEx_Calibration_Start)
    HAL_ADCEx_MultiModeConfigChannel         0x08001a2d   Thumb Code   208  stm32g4xx_hal_adc_ex.o(i.HAL_ADCEx_MultiModeConfigChannel)
    HAL_ADC_ConfigChannel                    0x08001b05   Thumb Code   998  stm32g4xx_hal_adc.o(i.HAL_ADC_ConfigChannel)
    HAL_ADC_ConvCpltCallback                 0x08001f1d   Thumb Code     2  stm32g4xx_hal_adc.o(i.HAL_ADC_ConvCpltCallback)
    HAL_ADC_ConvHalfCpltCallback             0x08001f1f   Thumb Code     2  stm32g4xx_hal_adc.o(i.HAL_ADC_ConvHalfCpltCallback)
    HAL_ADC_ErrorCallback                    0x08001f21   Thumb Code     2  stm32g4xx_hal_adc.o(i.HAL_ADC_ErrorCallback)
    HAL_ADC_Init                             0x08001f25   Thumb Code   476  stm32g4xx_hal_adc.o(i.HAL_ADC_Init)
    HAL_ADC_MspInit                          0x08002121   Thumb Code   192  adc.o(i.HAL_ADC_MspInit)
    HAL_ADC_Start_DMA                        0x080021f1   Thumb Code   214  stm32g4xx_hal_adc.o(i.HAL_ADC_Start_DMA)
    HAL_DMA_Abort                            0x080022e1   Thumb Code   106  stm32g4xx_hal_dma.o(i.HAL_DMA_Abort)
    HAL_DMA_Abort_IT                         0x0800234b   Thumb Code   120  stm32g4xx_hal_dma.o(i.HAL_DMA_Abort_IT)
    HAL_DMA_IRQHandler                       0x080023c3   Thumb Code   186  stm32g4xx_hal_dma.o(i.HAL_DMA_IRQHandler)
    HAL_DMA_Init                             0x0800247d   Thumb Code   178  stm32g4xx_hal_dma.o(i.HAL_DMA_Init)
    HAL_DMA_Start_IT                         0x0800253d   Thumb Code   140  stm32g4xx_hal_dma.o(i.HAL_DMA_Start_IT)
    HAL_Delay                                0x080025c9   Thumb Code    32  stm32g4xx_hal.o(i.HAL_Delay)
    HAL_GPIO_Init                            0x080025ed   Thumb Code   550  stm32g4xx_hal_gpio.o(i.HAL_GPIO_Init)
    HAL_GPIO_ReadPin                         0x08002835   Thumb Code    10  stm32g4xx_hal_gpio.o(i.HAL_GPIO_ReadPin)
    HAL_GPIO_TogglePin                       0x0800283f   Thumb Code    16  stm32g4xx_hal_gpio.o(i.HAL_GPIO_TogglePin)
    HAL_GPIO_WritePin                        0x0800284f   Thumb Code    10  stm32g4xx_hal_gpio.o(i.HAL_GPIO_WritePin)
    HAL_GetTick                              0x08002859   Thumb Code     6  stm32g4xx_hal.o(i.HAL_GetTick)
    HAL_IncTick                              0x08002865   Thumb Code    12  stm32g4xx_hal.o(i.HAL_IncTick)
    HAL_Init                                 0x08002875   Thumb Code    30  stm32g4xx_hal.o(i.HAL_Init)
    HAL_InitTick                             0x08002895   Thumb Code    58  stm32g4xx_hal.o(i.HAL_InitTick)
    HAL_MspInit                              0x080028d9   Thumb Code    42  stm32g4xx_hal_msp.o(i.HAL_MspInit)
    HAL_NVIC_EnableIRQ                       0x08002909   Thumb Code    26  stm32g4xx_hal_cortex.o(i.HAL_NVIC_EnableIRQ)
    HAL_NVIC_SetPriority                     0x08002925   Thumb Code    60  stm32g4xx_hal_cortex.o(i.HAL_NVIC_SetPriority)
    HAL_NVIC_SetPriorityGrouping             0x08002965   Thumb Code    26  stm32g4xx_hal_cortex.o(i.HAL_NVIC_SetPriorityGrouping)
    HAL_PWREx_ControlVoltageScaling          0x08002989   Thumb Code   174  stm32g4xx_hal_pwr_ex.o(i.HAL_PWREx_ControlVoltageScaling)
    HAL_PWREx_DisableUCPDDeadBattery         0x08002a45   Thumb Code    12  stm32g4xx_hal_pwr_ex.o(i.HAL_PWREx_DisableUCPDDeadBattery)
    HAL_RCCEx_PeriphCLKConfig                0x08002a55   Thumb Code   638  stm32g4xx_hal_rcc_ex.o(i.HAL_RCCEx_PeriphCLKConfig)
    HAL_RCC_ClockConfig                      0x08002cdd   Thumb Code   444  stm32g4xx_hal_rcc.o(i.HAL_RCC_ClockConfig)
    HAL_RCC_GetPCLK1Freq                     0x08002eb9   Thumb Code    24  stm32g4xx_hal_rcc.o(i.HAL_RCC_GetPCLK1Freq)
    HAL_RCC_GetPCLK2Freq                     0x08002edd   Thumb Code    24  stm32g4xx_hal_rcc.o(i.HAL_RCC_GetPCLK2Freq)
    HAL_RCC_GetSysClockFreq                  0x08002f01   Thumb Code    98  stm32g4xx_hal_rcc.o(i.HAL_RCC_GetSysClockFreq)
    HAL_RCC_OscConfig                        0x08002f71   Thumb Code  1036  stm32g4xx_hal_rcc.o(i.HAL_RCC_OscConfig)
    HAL_SPI_ErrorCallback                    0x0800337d   Thumb Code    16  main.o(i.HAL_SPI_ErrorCallback)
    HAL_SPI_IRQHandler                       0x08003395   Thumb Code   246  stm32g4xx_hal_spi.o(i.HAL_SPI_IRQHandler)
    HAL_SPI_Init                             0x08003491   Thumb Code   234  stm32g4xx_hal_spi.o(i.HAL_SPI_Init)
    HAL_SPI_MspInit                          0x0800357d   Thumb Code   104  spi.o(i.HAL_SPI_MspInit)
    HAL_SYSTICK_Config                       0x080035ed   Thumb Code    40  stm32g4xx_hal_cortex.o(i.HAL_SYSTICK_Config)
    HAL_TIMEx_Break2Callback                 0x08003615   Thumb Code     2  stm32g4xx_hal_tim_ex.o(i.HAL_TIMEx_Break2Callback)
    HAL_TIMEx_BreakCallback                  0x08003617   Thumb Code     2  stm32g4xx_hal_tim_ex.o(i.HAL_TIMEx_BreakCallback)
    HAL_TIMEx_CommutCallback                 0x08003619   Thumb Code     2  stm32g4xx_hal_tim_ex.o(i.HAL_TIMEx_CommutCallback)
    HAL_TIMEx_DirectionChangeCallback        0x0800361b   Thumb Code     2  stm32g4xx_hal_tim_ex.o(i.HAL_TIMEx_DirectionChangeCallback)
    HAL_TIMEx_EncoderIndexCallback           0x0800361d   Thumb Code     2  stm32g4xx_hal_tim_ex.o(i.HAL_TIMEx_EncoderIndexCallback)
    HAL_TIMEx_IndexErrorCallback             0x0800361f   Thumb Code     2  stm32g4xx_hal_tim_ex.o(i.HAL_TIMEx_IndexErrorCallback)
    HAL_TIMEx_TransitionErrorCallback        0x08003621   Thumb Code     2  stm32g4xx_hal_tim_ex.o(i.HAL_TIMEx_TransitionErrorCallback)
    HAL_TIM_IC_CaptureCallback               0x08003623   Thumb Code     2  stm32g4xx_hal_tim.o(i.HAL_TIM_IC_CaptureCallback)
    HAL_TIM_IRQHandler                       0x08003625   Thumb Code   508  stm32g4xx_hal_tim.o(i.HAL_TIM_IRQHandler)
    HAL_TIM_OC_DelayElapsedCallback          0x08003821   Thumb Code     2  stm32g4xx_hal_tim.o(i.HAL_TIM_OC_DelayElapsedCallback)
    HAL_TIM_PWM_PulseFinishedCallback        0x08003823   Thumb Code     2  stm32g4xx_hal_tim.o(i.HAL_TIM_PWM_PulseFinishedCallback)
    HAL_TIM_PeriodElapsedCallback            0x08003825   Thumb Code     2  main.o(i.HAL_TIM_PeriodElapsedCallback)
    HAL_TIM_TriggerCallback                  0x08003827   Thumb Code     2  stm32g4xx_hal_tim.o(i.HAL_TIM_TriggerCallback)
    HAL_UARTEx_DisableFifoMode               0x08003829   Thumb Code    62  stm32g4xx_hal_uart_ex.o(i.HAL_UARTEx_DisableFifoMode)
    HAL_UARTEx_RxEventCallback               0x08003867   Thumb Code     2  stm32g4xx_hal_uart.o(i.HAL_UARTEx_RxEventCallback)
    HAL_UARTEx_RxFifoFullCallback            0x08003869   Thumb Code     2  stm32g4xx_hal_uart_ex.o(i.HAL_UARTEx_RxFifoFullCallback)
    HAL_UARTEx_SetRxFifoThreshold            0x0800386b   Thumb Code    76  stm32g4xx_hal_uart_ex.o(i.HAL_UARTEx_SetRxFifoThreshold)
    HAL_UARTEx_SetTxFifoThreshold            0x080038b7   Thumb Code    76  stm32g4xx_hal_uart_ex.o(i.HAL_UARTEx_SetTxFifoThreshold)
    HAL_UARTEx_TxFifoEmptyCallback           0x08003903   Thumb Code     2  stm32g4xx_hal_uart_ex.o(i.HAL_UARTEx_TxFifoEmptyCallback)
    HAL_UARTEx_WakeupCallback                0x08003905   Thumb Code     2  stm32g4xx_hal_uart_ex.o(i.HAL_UARTEx_WakeupCallback)
    HAL_UART_ErrorCallback                   0x08003907   Thumb Code     2  stm32g4xx_hal_uart.o(i.HAL_UART_ErrorCallback)
    HAL_UART_IRQHandler                      0x08003909   Thumb Code   722  stm32g4xx_hal_uart.o(i.HAL_UART_IRQHandler)
    HAL_UART_Init                            0x08003be9   Thumb Code   106  stm32g4xx_hal_uart.o(i.HAL_UART_Init)
    HAL_UART_MspInit                         0x08003c55   Thumb Code   340  usart.o(i.HAL_UART_MspInit)
    HAL_UART_Receive_IT                      0x08003dc5   Thumb Code    80  stm32g4xx_hal_uart.o(i.HAL_UART_Receive_IT)
    HAL_UART_RxCpltCallback                  0x08003e19   Thumb Code    66  main.o(i.HAL_UART_RxCpltCallback)
    HAL_UART_Transmit                        0x08003e6d   Thumb Code   188  stm32g4xx_hal_uart.o(i.HAL_UART_Transmit)
    HAL_UART_Transmit_DMA                    0x08003f29   Thumb Code   150  stm32g4xx_hal_uart.o(i.HAL_UART_Transmit_DMA)
    HAL_UART_TxCpltCallback                  0x08003fcd   Thumb Code    24  main.o(i.HAL_UART_TxCpltCallback)
    HAL_UART_TxHalfCpltCallback              0x08003ff1   Thumb Code     2  stm32g4xx_hal_uart.o(i.HAL_UART_TxHalfCpltCallback)
    HardFault_Handler                        0x08003ff3   Thumb Code     2  stm32g4xx_it.o(i.HardFault_Handler)
    MPU_IIC_Ack                              0x08004057   Thumb Code    64  mpuiic.o(i.MPU_IIC_Ack)
    MPU_IIC_Delay                            0x08004097   Thumb Code    16  mpuiic.o(i.MPU_IIC_Delay)
    MPU_IIC_Init                             0x080040a9   Thumb Code    84  mpuiic.o(i.MPU_IIC_Init)
    MPU_IIC_NAck                             0x08004101   Thumb Code    50  mpuiic.o(i.MPU_IIC_NAck)
    MPU_IIC_Read_Byte                        0x08004133   Thumb Code   154  mpuiic.o(i.MPU_IIC_Read_Byte)
    MPU_IIC_Send_Byte                        0x080041cd   Thumb Code    94  mpuiic.o(i.MPU_IIC_Send_Byte)
    MPU_IIC_Start                            0x0800422b   Thumb Code    66  mpuiic.o(i.MPU_IIC_Start)
    MPU_IIC_Stop                             0x0800426d   Thumb Code    52  mpuiic.o(i.MPU_IIC_Stop)
    MPU_IIC_Wait_Ack                         0x080042a1   Thumb Code   110  mpuiic.o(i.MPU_IIC_Wait_Ack)
    MPU_Init                                 0x08004311   Thumb Code   182  mpu6050.o(i.MPU_Init)
    MPU_Read_Byte                            0x080043d1   Thumb Code    58  mpu6050.o(i.MPU_Read_Byte)
    MPU_Read_Len                             0x0800440d   Thumb Code   108  mpu6050.o(i.MPU_Read_Len)
    MPU_Set_Accel_Fsr                        0x08004479   Thumb Code    10  mpu6050.o(i.MPU_Set_Accel_Fsr)
    MPU_Set_Gyro_Fsr                         0x08004483   Thumb Code    10  mpu6050.o(i.MPU_Set_Gyro_Fsr)
    MPU_Set_LPF                              0x0800448d   Thumb Code    48  mpu6050.o(i.MPU_Set_LPF)
    MPU_Set_Rate                             0x080044bd   Thumb Code    46  mpu6050.o(i.MPU_Set_Rate)
    MPU_Write_Byte                           0x080044eb   Thumb Code    60  mpu6050.o(i.MPU_Write_Byte)
    MPU_Write_Len                            0x08004527   Thumb Code    82  mpu6050.o(i.MPU_Write_Len)
    MX_ADC1_Init                             0x08004579   Thumb Code   184  adc.o(i.MX_ADC1_Init)
    MX_DMA_Init                              0x08004641   Thumb Code   104  dma.o(i.MX_DMA_Init)
    MX_GPIO_Init                             0x080046ad   Thumb Code   290  gpio.o(i.MX_GPIO_Init)
    MX_SPI1_Init                             0x080047dd   Thumb Code    70  spi.o(i.MX_SPI1_Init)
    MX_USART1_UART_Init                      0x0800482d   Thumb Code    94  usart.o(i.MX_USART1_UART_Init)
    MX_USART2_UART_Init                      0x08004895   Thumb Code    94  usart.o(i.MX_USART2_UART_Init)
    MemManage_Handler                        0x080048fd   Thumb Code     2  stm32g4xx_it.o(i.MemManage_Handler)
    NMI_Handler                              0x080048ff   Thumb Code     2  stm32g4xx_it.o(i.NMI_Handler)
    PendSV_Handler                           0x08004901   Thumb Code     2  stm32g4xx_it.o(i.PendSV_Handler)
    ProcessResistorScan                      0x08004905   Thumb Code   150  main.o(i.ProcessResistorScan)
    SPI1_IRQHandler                          0x080049a9   Thumb Code     6  stm32g4xx_it.o(i.SPI1_IRQHandler)
    SVC_Handler                              0x080049c7   Thumb Code     2  stm32g4xx_it.o(i.SVC_Handler)
    SetNSSAddress                            0x080049c9   Thumb Code   118  main.o(i.SetNSSAddress)
    Set_Bend_Address                         0x08004a45   Thumb Code   124  main.o(i.Set_Bend_Address)
    SysTick_Handler                          0x08004ac5   Thumb Code     4  stm32g4xx_it.o(i.SysTick_Handler)
    SystemClock_Config                       0x08004ac9   Thumb Code   102  main.o(i.SystemClock_Config)
    SystemInit                               0x08004b31   Thumb Code    12  system_stm32g4xx.o(i.SystemInit)
    TIM2_IRQHandler                          0x08004b41   Thumb Code     6  stm32g4xx_it.o(i.TIM2_IRQHandler)
    UART_AdvFeatureConfig                    0x08004b91   Thumb Code   200  stm32g4xx_hal_uart.o(i.UART_AdvFeatureConfig)
    UART_CheckIdleState                      0x08004c59   Thumb Code    96  stm32g4xx_hal_uart.o(i.UART_CheckIdleState)
    UART_SetConfig                           0x08005219   Thumb Code   582  stm32g4xx_hal_uart.o(i.UART_SetConfig)
    UART_Start_Receive_IT                    0x0800548d   Thumb Code   262  stm32g4xx_hal_uart.o(i.UART_Start_Receive_IT)
    UART_WaitOnFlagUntilTimeout              0x080055a5   Thumb Code   198  stm32g4xx_hal_uart.o(i.UART_WaitOnFlagUntilTimeout)
    USART1_IRQHandler                        0x0800566d   Thumb Code     6  stm32g4xx_it.o(i.USART1_IRQHandler)
    USART2_IRQHandler                        0x08005679   Thumb Code     6  stm32g4xx_it.o(i.USART2_IRQHandler)
    UsageFault_Handler                       0x08005685   Thumb Code     2  stm32g4xx_it.o(i.UsageFault_Handler)
    __ARM_fpclassify                         0x08005687   Thumb Code    48  fpclassify.o(i.__ARM_fpclassify)
    _is_digit                                0x080056d7   Thumb Code    14  __printf_wp.o(i._is_digit)
    dmp_enable_6x_lp_quat                    0x08005801   Thumb Code    58  inv_mpu_dmp_motion_driver.o(i.dmp_enable_6x_lp_quat)
    dmp_enable_feature                       0x0800583d   Thumb Code   464  inv_mpu_dmp_motion_driver.o(i.dmp_enable_feature)
    dmp_enable_gyro_cal                      0x08005a15   Thumb Code    34  inv_mpu_dmp_motion_driver.o(i.dmp_enable_gyro_cal)
    dmp_enable_lp_quat                       0x08005a51   Thumb Code    58  inv_mpu_dmp_motion_driver.o(i.dmp_enable_lp_quat)
    dmp_load_motion_driver_firmware          0x08005a8d   Thumb Code    16  inv_mpu_dmp_motion_driver.o(i.dmp_load_motion_driver_firmware)
    dmp_set_accel_bias                       0x08005aa1   Thumb Code   210  inv_mpu_dmp_motion_driver.o(i.dmp_set_accel_bias)
    dmp_set_fifo_rate                        0x08005b79   Thumb Code    82  inv_mpu_dmp_motion_driver.o(i.dmp_set_fifo_rate)
    dmp_set_gyro_bias                        0x08005bdd   Thumb Code   196  inv_mpu_dmp_motion_driver.o(i.dmp_set_gyro_bias)
    dmp_set_orientation                      0x08005ca9   Thumb Code   246  inv_mpu_dmp_motion_driver.o(i.dmp_set_orientation)
    dmp_set_shake_reject_thresh              0x08005db5   Thumb Code    48  inv_mpu_dmp_motion_driver.o(i.dmp_set_shake_reject_thresh)
    dmp_set_shake_reject_time                0x08005de5   Thumb Code    32  inv_mpu_dmp_motion_driver.o(i.dmp_set_shake_reject_time)
    dmp_set_shake_reject_timeout             0x08005e05   Thumb Code    32  inv_mpu_dmp_motion_driver.o(i.dmp_set_shake_reject_timeout)
    dmp_set_tap_axes                         0x08005e25   Thumb Code    64  inv_mpu_dmp_motion_driver.o(i.dmp_set_tap_axes)
    dmp_set_tap_count                        0x08005e65   Thumb Code    34  inv_mpu_dmp_motion_driver.o(i.dmp_set_tap_count)
    dmp_set_tap_thresh                       0x08005e89   Thumb Code   314  inv_mpu_dmp_motion_driver.o(i.dmp_set_tap_thresh)
    dmp_set_tap_time                         0x08005fe9   Thumb Code    32  inv_mpu_dmp_motion_driver.o(i.dmp_set_tap_time)
    dmp_set_tap_time_multi                   0x08006009   Thumb Code    32  inv_mpu_dmp_motion_driver.o(i.dmp_set_tap_time_multi)
    inv_orientation_matrix_to_scalar         0x0800655d   Thumb Code    34  inv_mpu.o(i.inv_orientation_matrix_to_scalar)
    inv_row_2_scale                          0x0800657f   Thumb Code    72  inv_mpu.o(i.inv_row_2_scale)
    main                                     0x080065c9   Thumb Code   230  main.o(i.main)
    mpu_configure_fifo                       0x080066fd   Thumb Code    78  inv_mpu.o(i.mpu_configure_fifo)
    mpu_dmp_init                             0x08006751   Thumb Code   160  inv_mpu.o(i.mpu_dmp_init)
    mpu_get_accel_fsr                        0x080067f5   Thumb Code    54  inv_mpu.o(i.mpu_get_accel_fsr)
    mpu_get_accel_sens                       0x08006831   Thumb Code    62  inv_mpu.o(i.mpu_get_accel_sens)
    mpu_get_gyro_fsr                         0x08006875   Thumb Code    48  inv_mpu.o(i.mpu_get_gyro_fsr)
    mpu_get_gyro_sens                        0x080068a9   Thumb Code    54  inv_mpu.o(i.mpu_get_gyro_sens)
    mpu_get_lpf                              0x080068f5   Thumb Code    52  inv_mpu.o(i.mpu_get_lpf)
    mpu_get_sample_rate                      0x0800692d   Thumb Code    22  inv_mpu.o(i.mpu_get_sample_rate)
    mpu_init                                 0x08006949   Thumb Code   334  inv_mpu.o(i.mpu_init)
    mpu_load_firmware                        0x08006a9d   Thumb Code   154  inv_mpu.o(i.mpu_load_firmware)
    mpu_lp_accel_mode                        0x08006b3d   Thumb Code   178  inv_mpu.o(i.mpu_lp_accel_mode)
    mpu_read_mem                             0x08006bf5   Thumb Code    80  inv_mpu.o(i.mpu_read_mem)
    mpu_reset_fifo                           0x08006c49   Thumb Code   346  inv_mpu.o(i.mpu_reset_fifo)
    mpu_run_self_test                        0x08006da9   Thumb Code   234  inv_mpu.o(i.mpu_run_self_test)
    mpu_set_accel_fsr                        0x08006e99   Thumb Code    98  inv_mpu.o(i.mpu_set_accel_fsr)
    mpu_set_bypass                           0x08006f01   Thumb Code   214  inv_mpu.o(i.mpu_set_bypass)
    mpu_set_dmp_state                        0x08006fdd   Thumb Code   114  inv_mpu.o(i.mpu_set_dmp_state)
    mpu_set_gyro_fsr                         0x08007055   Thumb Code   104  inv_mpu.o(i.mpu_set_gyro_fsr)
    mpu_set_int_latched                      0x080070c1   Thumb Code    94  inv_mpu.o(i.mpu_set_int_latched)
    mpu_set_lpf                              0x08007125   Thumb Code   102  inv_mpu.o(i.mpu_set_lpf)
    mpu_set_sample_rate                      0x08007191   Thumb Code   124  inv_mpu.o(i.mpu_set_sample_rate)
    mpu_set_sensors                          0x08007211   Thumb Code   178  inv_mpu.o(i.mpu_set_sensors)
    mpu_write_mem                            0x080072c9   Thumb Code    80  inv_mpu.o(i.mpu_write_mem)
    run_self_test                            0x0800731d   Thumb Code   136  inv_mpu.o(i.run_self_test)
    send_sensor_data_json                    0x080073a5   Thumb Code   226  main.o(i.send_sensor_data_json)
    _get_lc_numeric                          0x0800751d   Thumb Code    44  lc_numeric_c.o(locale$$code)
    __fpl_dretinf                            0x08007549   Thumb Code    12  dretinf.o(x$fpl$dretinf)
    __aeabi_f2d                              0x08007555   Thumb Code     0  f2d.o(x$fpl$f2d)
    _f2d                                     0x08007555   Thumb Code    86  f2d.o(x$fpl$f2d)
    __fpl_fnaninf                            0x080075ab   Thumb Code   140  fnaninf.o(x$fpl$fnaninf)
    _fp_init                                 0x08007637   Thumb Code    10  fpinit.o(x$fpl$fpinit)
    __fplib_config_fpu_vfp                   0x0800763f   Thumb Code     0  fpinit.o(x$fpl$fpinit)
    __fplib_config_pureend_doubles           0x0800763f   Thumb Code     0  fpinit.o(x$fpl$fpinit)
    _printf_fp_dec                           0x08007641   Thumb Code     4  printf1.o(x$fpl$printf1)
    __I$use$fp                               0x08007644   Number         0  usenofp.o(x$fpl$usenofp)
    UARTPrescTable                           0x08007694   Data          24  stm32g4xx_hal_uart.o(.constdata)
    AHBPrescTable                            0x080076bc   Data          16  system_stm32g4xx.o(.constdata)
    APBPrescTable                            0x080076cc   Data           8  system_stm32g4xx.o(.constdata)
    reg                                      0x080076d4   Data          27  inv_mpu.o(.constdata)
    hw                                       0x080076f0   Data          12  inv_mpu.o(.constdata)
    test                                     0x080076fc   Data          40  inv_mpu.o(.constdata)
    Region$$Table$$Base                      0x08008404   Number         0  anon$$obj.o(Region$$Table)
    Region$$Table$$Limit                     0x08008424   Number         0  anon$$obj.o(Region$$Table)
    DMA_cov                                  0x20000000   Data           1  main.o(.data)
    SPI_NSS_flag                             0x20000001   Data           1  main.o(.data)
    spiRxComplete                            0x20000002   Data           1  main.o(.data)
    spiTxComplete                            0x20000003   Data           1  main.o(.data)
    spiError                                 0x20000004   Data           1  main.o(.data)
    usart1TxComplete                         0x20000005   Data           1  main.o(.data)
    scanState                                0x2000000a   Data           1  main.o(.data)
    current_Bend                             0x2000000b   Data           1  main.o(.data)
    current_Bend1                            0x2000000c   Data           1  main.o(.data)
    current_Bend2                            0x2000000d   Data           1  main.o(.data)
    current_Bend3                            0x2000000e   Data           1  main.o(.data)
    uwTickPrio                               0x20000014   Data           4  stm32g4xx_hal.o(.data)
    uwTickFreq                               0x20000018   Data           4  stm32g4xx_hal.o(.data)
    uwTick                                   0x2000001c   Data           4  stm32g4xx_hal.o(.data)
    SystemCoreClock                          0x20000020   Data           4  system_stm32g4xx.o(.data)
    ADC_DMA_Buffer                           0x2000005c   Data          16  main.o(.bss)
    ADC_arrayBend                            0x2000006c   Data          36  main.o(.bss)
    SPI_RxData                               0x20000090   Data         130  main.o(.bss)
    sensor_data                              0x20000112   Data         694  main.o(.bss)
    hadc1                                    0x20000bd8   Data         108  adc.o(.bss)
    hdma_adc1                                0x20000c44   Data          96  adc.o(.bss)
    hspi1                                    0x20000ca4   Data         100  spi.o(.bss)
    htim2                                    0x20000d08   Data          76  tim.o(.bss)
    huart1                                   0x20000d54   Data         144  usart.o(.bss)
    huart2                                   0x20000de4   Data         144  usart.o(.bss)
    hdma_usart1_tx                           0x20000e74   Data          96  usart.o(.bss)
    hdma_usart2_tx                           0x20000ed4   Data          96  usart.o(.bss)
    __libspace_start                         0x20000f44   Data          96  libspace.o(.bss)
    __temporary_stack_top$libspace           0x20000fa4   Data           0  libspace.o(.bss)



==============================================================================

Memory Map of the image

  Image Entry point : 0x080001d9

  Load Region LR_IROM1 (Base: 0x08000000, Size: 0x0000849c, Max: 0x00020000, ABSOLUTE)

    Execution Region ER_IROM1 (Exec base: 0x08000000, Load base: 0x08000000, Size: 0x00008440, Max: 0x00020000, ABSOLUTE)

    Exec Addr    Load Addr    Size         Type   Attr      Idx    E Section Name        Object

    0x08000000   0x08000000   0x000001d8   Data   RO            3    RESET               startup_stm32g431xx.o
    0x080001d8   0x080001d8   0x00000008   Code   RO         5892  * !!!main             c_w.l(__main.o)
    0x080001e0   0x080001e0   0x00000034   Code   RO         6414    !!!scatter          c_w.l(__scatter.o)
    0x08000214   0x08000214   0x0000001a   Code   RO         6416    !!handler_copy      c_w.l(__scatter_copy.o)
    0x0800022e   0x0800022e   0x00000002   PAD
    0x08000230   0x08000230   0x0000001c   Code   RO         6418    !!handler_zi        c_w.l(__scatter_zi.o)
    0x0800024c   0x0800024c   0x00000000   Code   RO         5875    .ARM.Collect$$_printf_percent$$00000000  c_w.l(_printf_percent.o)
    0x0800024c   0x0800024c   0x00000006   Code   RO         5874    .ARM.Collect$$_printf_percent$$00000003  c_w.l(_printf_f.o)
    0x08000252   0x08000252   0x00000006   Code   RO         5873    .ARM.Collect$$_printf_percent$$0000000A  c_w.l(_printf_u.o)
    0x08000258   0x08000258   0x00000004   Code   RO         5975    .ARM.Collect$$_printf_percent$$00000017  c_w.l(_printf_percent_end.o)
    0x0800025c   0x0800025c   0x00000002   Code   RO         6215    .ARM.Collect$$libinit$$00000000  c_w.l(libinit.o)
    0x0800025e   0x0800025e   0x00000004   Code   RO         6216    .ARM.Collect$$libinit$$00000001  c_w.l(libinit2.o)
    0x08000262   0x08000262   0x00000000   Code   RO         6219    .ARM.Collect$$libinit$$00000004  c_w.l(libinit2.o)
    0x08000262   0x08000262   0x00000000   Code   RO         6222    .ARM.Collect$$libinit$$0000000A  c_w.l(libinit2.o)
    0x08000262   0x08000262   0x00000000   Code   RO         6224    .ARM.Collect$$libinit$$0000000C  c_w.l(libinit2.o)
    0x08000262   0x08000262   0x00000000   Code   RO         6226    .ARM.Collect$$libinit$$0000000E  c_w.l(libinit2.o)
    0x08000262   0x08000262   0x00000006   Code   RO         6227    .ARM.Collect$$libinit$$0000000F  c_w.l(libinit2.o)
    0x08000268   0x08000268   0x00000000   Code   RO         6229    .ARM.Collect$$libinit$$00000011  c_w.l(libinit2.o)
    0x08000268   0x08000268   0x00000000   Code   RO         6231    .ARM.Collect$$libinit$$00000013  c_w.l(libinit2.o)
    0x08000268   0x08000268   0x00000000   Code   RO         6233    .ARM.Collect$$libinit$$00000015  c_w.l(libinit2.o)
    0x08000268   0x08000268   0x0000000a   Code   RO         6234    .ARM.Collect$$libinit$$00000016  c_w.l(libinit2.o)
    0x08000272   0x08000272   0x00000000   Code   RO         6235    .ARM.Collect$$libinit$$00000017  c_w.l(libinit2.o)
    0x08000272   0x08000272   0x00000000   Code   RO         6237    .ARM.Collect$$libinit$$00000019  c_w.l(libinit2.o)
    0x08000272   0x08000272   0x00000000   Code   RO         6239    .ARM.Collect$$libinit$$0000001B  c_w.l(libinit2.o)
    0x08000272   0x08000272   0x00000000   Code   RO         6241    .ARM.Collect$$libinit$$0000001D  c_w.l(libinit2.o)
    0x08000272   0x08000272   0x00000000   Code   RO         6243    .ARM.Collect$$libinit$$0000001F  c_w.l(libinit2.o)
    0x08000272   0x08000272   0x00000000   Code   RO         6245    .ARM.Collect$$libinit$$00000021  c_w.l(libinit2.o)
    0x08000272   0x08000272   0x00000000   Code   RO         6247    .ARM.Collect$$libinit$$00000023  c_w.l(libinit2.o)
    0x08000272   0x08000272   0x00000000   Code   RO         6249    .ARM.Collect$$libinit$$00000025  c_w.l(libinit2.o)
    0x08000272   0x08000272   0x00000000   Code   RO         6253    .ARM.Collect$$libinit$$0000002C  c_w.l(libinit2.o)
    0x08000272   0x08000272   0x00000000   Code   RO         6255    .ARM.Collect$$libinit$$0000002E  c_w.l(libinit2.o)
    0x08000272   0x08000272   0x00000000   Code   RO         6257    .ARM.Collect$$libinit$$00000030  c_w.l(libinit2.o)
    0x08000272   0x08000272   0x00000000   Code   RO         6259    .ARM.Collect$$libinit$$00000032  c_w.l(libinit2.o)
    0x08000272   0x08000272   0x00000002   Code   RO         6260    .ARM.Collect$$libinit$$00000033  c_w.l(libinit2.o)
    0x08000274   0x08000274   0x00000002   Code   RO         6395    .ARM.Collect$$libshutdown$$00000000  c_w.l(libshutdown.o)
    0x08000276   0x08000276   0x00000000   Code   RO         6262    .ARM.Collect$$libshutdown$$00000002  c_w.l(libshutdown2.o)
    0x08000276   0x08000276   0x00000000   Code   RO         6264    .ARM.Collect$$libshutdown$$00000004  c_w.l(libshutdown2.o)
    0x08000276   0x08000276   0x00000000   Code   RO         6267    .ARM.Collect$$libshutdown$$00000007  c_w.l(libshutdown2.o)
    0x08000276   0x08000276   0x00000000   Code   RO         6270    .ARM.Collect$$libshutdown$$0000000A  c_w.l(libshutdown2.o)
    0x08000276   0x08000276   0x00000000   Code   RO         6272    .ARM.Collect$$libshutdown$$0000000C  c_w.l(libshutdown2.o)
    0x08000276   0x08000276   0x00000000   Code   RO         6275    .ARM.Collect$$libshutdown$$0000000F  c_w.l(libshutdown2.o)
    0x08000276   0x08000276   0x00000002   Code   RO         6276    .ARM.Collect$$libshutdown$$00000010  c_w.l(libshutdown2.o)
    0x08000278   0x08000278   0x00000000   Code   RO         5956    .ARM.Collect$$rtentry$$00000000  c_w.l(__rtentry.o)
    0x08000278   0x08000278   0x00000000   Code   RO         6041    .ARM.Collect$$rtentry$$00000002  c_w.l(__rtentry2.o)
    0x08000278   0x08000278   0x00000006   Code   RO         6053    .ARM.Collect$$rtentry$$00000004  c_w.l(__rtentry4.o)
    0x0800027e   0x0800027e   0x00000000   Code   RO         6043    .ARM.Collect$$rtentry$$00000009  c_w.l(__rtentry2.o)
    0x0800027e   0x0800027e   0x00000004   Code   RO         6044    .ARM.Collect$$rtentry$$0000000A  c_w.l(__rtentry2.o)
    0x08000282   0x08000282   0x00000000   Code   RO         6046    .ARM.Collect$$rtentry$$0000000C  c_w.l(__rtentry2.o)
    0x08000282   0x08000282   0x00000008   Code   RO         6047    .ARM.Collect$$rtentry$$0000000D  c_w.l(__rtentry2.o)
    0x0800028a   0x0800028a   0x00000002   Code   RO         6282    .ARM.Collect$$rtexit$$00000000  c_w.l(rtexit.o)
    0x0800028c   0x0800028c   0x00000000   Code   RO         6338    .ARM.Collect$$rtexit$$00000002  c_w.l(rtexit2.o)
    0x0800028c   0x0800028c   0x00000004   Code   RO         6339    .ARM.Collect$$rtexit$$00000003  c_w.l(rtexit2.o)
    0x08000290   0x08000290   0x00000006   Code   RO         6340    .ARM.Collect$$rtexit$$00000004  c_w.l(rtexit2.o)
    0x08000296   0x08000296   0x00000002   PAD
    0x08000298   0x08000298   0x00000040   Code   RO            4    .text               startup_stm32g431xx.o
    0x080002d8   0x080002d8   0x000000ee   Code   RO         5809    .text               c_w.l(lludivv7m.o)
    0x080003c6   0x080003c6   0x00000048   Code   RO         5811    .text               c_w.l(llsdiv.o)
    0x0800040e   0x0800040e   0x00000002   PAD
    0x08000410   0x08000410   0x0000002c   Code   RO         5815    .text               c_w.l(__2sprintf.o)
    0x0800043c   0x0800043c   0x00000038   Code   RO         5817    .text               c_w.l(__2snprintf.o)
    0x08000474   0x08000474   0x00000078   Code   RO         5829    .text               c_w.l(_printf_dec.o)
    0x080004ec   0x080004ec   0x00000188   Code   RO         5869    .text               c_w.l(__printf_flags_ss_wp.o)
    0x08000674   0x08000674   0x00000058   Code   RO         5876    .text               c_w.l(memcmp.o)
    0x080006cc   0x080006cc   0x0000003e   Code   RO         5880    .text               c_w.l(strlen.o)
    0x0800070a   0x0800070a   0x00000010   Code   RO         5884    .text               c_w.l(aeabi_memset.o)
    0x0800071a   0x0800071a   0x0000004e   Code   RO         5886    .text               c_w.l(rt_memclr_w.o)
    0x08000768   0x08000768   0x00000080   Code   RO         5888    .text               c_w.l(strcmpv7m.o)
    0x080007e8   0x080007e8   0x00000006   Code   RO         5890    .text               c_w.l(heapauxi.o)
    0x080007ee   0x080007ee   0x000000b2   Code   RO         5963    .text               c_w.l(_printf_intcommon.o)
    0x080008a0   0x080008a0   0x0000041e   Code   RO         5965    .text               c_w.l(_printf_fp_dec.o)
    0x08000cbe   0x08000cbe   0x00000002   PAD
    0x08000cc0   0x08000cc0   0x00000030   Code   RO         5967    .text               c_w.l(_printf_char_common.o)
    0x08000cf0   0x08000cf0   0x0000000a   Code   RO         5969    .text               c_w.l(_sputc.o)
    0x08000cfa   0x08000cfa   0x00000010   Code   RO         5971    .text               c_w.l(_snputc.o)
    0x08000d0a   0x08000d0a   0x00000044   Code   RO         5984    .text               c_w.l(rt_memclr.o)
    0x08000d4e   0x08000d4e   0x00000002   PAD
    0x08000d50   0x08000d50   0x00000008   Code   RO         6060    .text               c_w.l(rt_locale_intlibspace.o)
    0x08000d58   0x08000d58   0x0000008a   Code   RO         6067    .text               c_w.l(lludiv10.o)
    0x08000de2   0x08000de2   0x00000002   PAD
    0x08000de4   0x08000de4   0x00000080   Code   RO         6069    .text               c_w.l(_printf_fp_infnan.o)
    0x08000e64   0x08000e64   0x000000e4   Code   RO         6073    .text               c_w.l(bigflt0.o)
    0x08000f48   0x08000f48   0x00000008   Code   RO         6124    .text               c_w.l(libspace.o)
    0x08000f50   0x08000f50   0x0000004a   Code   RO         6129    .text               c_w.l(sys_stackheap_outer.o)
    0x08000f9a   0x08000f9a   0x00000012   Code   RO         6200    .text               c_w.l(exit.o)
    0x08000fac   0x08000fac   0x00000002   Code   RO         6279    .text               c_w.l(use_no_semi.o)
    0x08000fae   0x08000fae   0x00000000   Code   RO         6281    .text               c_w.l(indicate_semi.o)
    0x08000fae   0x08000fae   0x00000002   PAD
    0x08000fb0   0x08000fb0   0x0000000c   Code   RO         6335    .text               c_w.l(sys_exit.o)
    0x08000fbc   0x08000fbc   0x0000003e   Code   RO         6076    CL$$btod_d2e        c_w.l(btod.o)
    0x08000ffa   0x08000ffa   0x00000046   Code   RO         6078    CL$$btod_d2e_denorm_low  c_w.l(btod.o)
    0x08001040   0x08001040   0x00000060   Code   RO         6077    CL$$btod_d2e_norm_op1  c_w.l(btod.o)
    0x080010a0   0x080010a0   0x00000338   Code   RO         6086    CL$$btod_div_common  c_w.l(btod.o)
    0x080013d8   0x080013d8   0x000000dc   Code   RO         6083    CL$$btod_e2e        c_w.l(btod.o)
    0x080014b4   0x080014b4   0x0000002a   Code   RO         6080    CL$$btod_ediv       c_w.l(btod.o)
    0x080014de   0x080014de   0x0000002a   Code   RO         6079    CL$$btod_emul       c_w.l(btod.o)
    0x08001508   0x08001508   0x00000244   Code   RO         6085    CL$$btod_mult_common  c_w.l(btod.o)
    0x0800174c   0x0800174c   0x00000068   Code   RO          835    i.ADC_DMAConvCplt   stm32g4xx_hal_adc.o
    0x080017b4   0x080017b4   0x0000001a   Code   RO          836    i.ADC_DMAError      stm32g4xx_hal_adc.o
    0x080017ce   0x080017ce   0x0000000a   Code   RO          837    i.ADC_DMAHalfConvCplt  stm32g4xx_hal_adc.o
    0x080017d8   0x080017d8   0x00000070   Code   RO          838    i.ADC_Disable       stm32g4xx_hal_adc.o
    0x08001848   0x08001848   0x00000074   Code   RO          839    i.ADC_Enable        stm32g4xx_hal_adc.o
    0x080018bc   0x080018bc   0x00000002   Code   RO          692    i.BusFault_Handler  stm32g4xx_it.o
    0x080018be   0x080018be   0x00000002   PAD
    0x080018c0   0x080018c0   0x00000018   Code   RO          693    i.DMA1_Channel1_IRQHandler  stm32g4xx_it.o
    0x080018d8   0x080018d8   0x0000000c   Code   RO          694    i.DMA2_Channel1_IRQHandler  stm32g4xx_it.o
    0x080018e4   0x080018e4   0x0000000c   Code   RO          695    i.DMA2_Channel2_IRQHandler  stm32g4xx_it.o
    0x080018f0   0x080018f0   0x00000040   Code   RO         2114    i.DMA_CalcDMAMUXChannelBaseAndMask  stm32g4xx_hal_dma.o
    0x08001930   0x08001930   0x00000024   Code   RO         2115    i.DMA_CalcDMAMUXRequestGenBaseAndMask  stm32g4xx_hal_dma.o
    0x08001954   0x08001954   0x0000003e   Code   RO         2116    i.DMA_SetConfig     stm32g4xx_hal_dma.o
    0x08001992   0x08001992   0x00000002   Code   RO          696    i.DebugMon_Handler  stm32g4xx_it.o
    0x08001994   0x08001994   0x00000004   Code   RO          275    i.Error_Handler     main.o
    0x08001998   0x08001998   0x00000094   Code   RO         1072    i.HAL_ADCEx_Calibration_Start  stm32g4xx_hal_adc_ex.o
    0x08001a2c   0x08001a2c   0x000000d8   Code   RO         1089    i.HAL_ADCEx_MultiModeConfigChannel  stm32g4xx_hal_adc_ex.o
    0x08001b04   0x08001b04   0x00000418   Code   RO          841    i.HAL_ADC_ConfigChannel  stm32g4xx_hal_adc.o
    0x08001f1c   0x08001f1c   0x00000002   Code   RO          842    i.HAL_ADC_ConvCpltCallback  stm32g4xx_hal_adc.o
    0x08001f1e   0x08001f1e   0x00000002   Code   RO          843    i.HAL_ADC_ConvHalfCpltCallback  stm32g4xx_hal_adc.o
    0x08001f20   0x08001f20   0x00000002   Code   RO          845    i.HAL_ADC_ErrorCallback  stm32g4xx_hal_adc.o
    0x08001f22   0x08001f22   0x00000002   PAD
    0x08001f24   0x08001f24   0x000001fc   Code   RO          850    i.HAL_ADC_Init      stm32g4xx_hal_adc.o
    0x08002120   0x08002120   0x000000d0   Code   RO          494    i.HAL_ADC_MspInit   adc.o
    0x080021f0   0x080021f0   0x000000f0   Code   RO          858    i.HAL_ADC_Start_DMA  stm32g4xx_hal_adc.o
    0x080022e0   0x080022e0   0x0000006a   Code   RO         2117    i.HAL_DMA_Abort     stm32g4xx_hal_dma.o
    0x0800234a   0x0800234a   0x00000078   Code   RO         2118    i.HAL_DMA_Abort_IT  stm32g4xx_hal_dma.o
    0x080023c2   0x080023c2   0x000000ba   Code   RO         2122    i.HAL_DMA_IRQHandler  stm32g4xx_hal_dma.o
    0x0800247c   0x0800247c   0x000000c0   Code   RO         2123    i.HAL_DMA_Init      stm32g4xx_hal_dma.o
    0x0800253c   0x0800253c   0x0000008c   Code   RO         2127    i.HAL_DMA_Start_IT  stm32g4xx_hal_dma.o
    0x080025c8   0x080025c8   0x00000024   Code   RO         1288    i.HAL_Delay         stm32g4xx_hal.o
    0x080025ec   0x080025ec   0x00000248   Code   RO         1979    i.HAL_GPIO_Init     stm32g4xx_hal_gpio.o
    0x08002834   0x08002834   0x0000000a   Code   RO         1981    i.HAL_GPIO_ReadPin  stm32g4xx_hal_gpio.o
    0x0800283e   0x0800283e   0x00000010   Code   RO         1982    i.HAL_GPIO_TogglePin  stm32g4xx_hal_gpio.o
    0x0800284e   0x0800284e   0x0000000a   Code   RO         1983    i.HAL_GPIO_WritePin  stm32g4xx_hal_gpio.o
    0x08002858   0x08002858   0x0000000c   Code   RO         1292    i.HAL_GetTick       stm32g4xx_hal.o
    0x08002864   0x08002864   0x00000010   Code   RO         1295    i.HAL_IncTick       stm32g4xx_hal.o
    0x08002874   0x08002874   0x0000001e   Code   RO         1296    i.HAL_Init          stm32g4xx_hal.o
    0x08002892   0x08002892   0x00000002   PAD
    0x08002894   0x08002894   0x00000044   Code   RO         1297    i.HAL_InitTick      stm32g4xx_hal.o
    0x080028d8   0x080028d8   0x00000030   Code   RO          810    i.HAL_MspInit       stm32g4xx_hal_msp.o
    0x08002908   0x08002908   0x0000001a   Code   RO         2626    i.HAL_NVIC_EnableIRQ  stm32g4xx_hal_cortex.o
    0x08002922   0x08002922   0x00000002   PAD
    0x08002924   0x08002924   0x00000040   Code   RO         2632    i.HAL_NVIC_SetPriority  stm32g4xx_hal_cortex.o
    0x08002964   0x08002964   0x00000024   Code   RO         2633    i.HAL_NVIC_SetPriorityGrouping  stm32g4xx_hal_cortex.o
    0x08002988   0x08002988   0x000000bc   Code   RO         2382    i.HAL_PWREx_ControlVoltageScaling  stm32g4xx_hal_pwr_ex.o
    0x08002a44   0x08002a44   0x00000010   Code   RO         2394    i.HAL_PWREx_DisableUCPDDeadBattery  stm32g4xx_hal_pwr_ex.o
    0x08002a54   0x08002a54   0x00000288   Code   RO         1641    i.HAL_RCCEx_PeriphCLKConfig  stm32g4xx_hal_rcc_ex.o
    0x08002cdc   0x08002cdc   0x000001dc   Code   RO         1516    i.HAL_RCC_ClockConfig  stm32g4xx_hal_rcc.o
    0x08002eb8   0x08002eb8   0x00000024   Code   RO         1524    i.HAL_RCC_GetPCLK1Freq  stm32g4xx_hal_rcc.o
    0x08002edc   0x08002edc   0x00000024   Code   RO         1525    i.HAL_RCC_GetPCLK2Freq  stm32g4xx_hal_rcc.o
    0x08002f00   0x08002f00   0x00000070   Code   RO         1526    i.HAL_RCC_GetSysClockFreq  stm32g4xx_hal_rcc.o
    0x08002f70   0x08002f70   0x0000040c   Code   RO         1529    i.HAL_RCC_OscConfig  stm32g4xx_hal_rcc.o
    0x0800337c   0x0800337c   0x00000018   Code   RO          276    i.HAL_SPI_ErrorCallback  main.o
    0x08003394   0x08003394   0x000000fc   Code   RO         2766    i.HAL_SPI_IRQHandler  stm32g4xx_hal_spi.o
    0x08003490   0x08003490   0x000000ea   Code   RO         2767    i.HAL_SPI_Init      stm32g4xx_hal_spi.o
    0x0800357a   0x0800357a   0x00000002   PAD
    0x0800357c   0x0800357c   0x00000070   Code   RO          560    i.HAL_SPI_MspInit   spi.o
    0x080035ec   0x080035ec   0x00000028   Code   RO         2637    i.HAL_SYSTICK_Config  stm32g4xx_hal_cortex.o
    0x08003614   0x08003614   0x00000002   Code   RO         3823    i.HAL_TIMEx_Break2Callback  stm32g4xx_hal_tim_ex.o
    0x08003616   0x08003616   0x00000002   Code   RO         3824    i.HAL_TIMEx_BreakCallback  stm32g4xx_hal_tim_ex.o
    0x08003618   0x08003618   0x00000002   Code   RO         3825    i.HAL_TIMEx_CommutCallback  stm32g4xx_hal_tim_ex.o
    0x0800361a   0x0800361a   0x00000002   Code   RO         3836    i.HAL_TIMEx_DirectionChangeCallback  stm32g4xx_hal_tim_ex.o
    0x0800361c   0x0800361c   0x00000002   Code   RO         3850    i.HAL_TIMEx_EncoderIndexCallback  stm32g4xx_hal_tim_ex.o
    0x0800361e   0x0800361e   0x00000002   Code   RO         3864    i.HAL_TIMEx_IndexErrorCallback  stm32g4xx_hal_tim_ex.o
    0x08003620   0x08003620   0x00000002   Code   RO         3886    i.HAL_TIMEx_TransitionErrorCallback  stm32g4xx_hal_tim_ex.o
    0x08003622   0x08003622   0x00000002   Code   RO         3143    i.HAL_TIM_IC_CaptureCallback  stm32g4xx_hal_tim.o
    0x08003624   0x08003624   0x000001fc   Code   RO         3157    i.HAL_TIM_IRQHandler  stm32g4xx_hal_tim.o
    0x08003820   0x08003820   0x00000002   Code   RO         3160    i.HAL_TIM_OC_DelayElapsedCallback  stm32g4xx_hal_tim.o
    0x08003822   0x08003822   0x00000002   Code   RO         3187    i.HAL_TIM_PWM_PulseFinishedCallback  stm32g4xx_hal_tim.o
    0x08003824   0x08003824   0x00000002   Code   RO          279    i.HAL_TIM_PeriodElapsedCallback  main.o
    0x08003826   0x08003826   0x00000002   Code   RO         3200    i.HAL_TIM_TriggerCallback  stm32g4xx_hal_tim.o
    0x08003828   0x08003828   0x0000003e   Code   RO         4672    i.HAL_UARTEx_DisableFifoMode  stm32g4xx_hal_uart_ex.o
    0x08003866   0x08003866   0x00000002   Code   RO         4261    i.HAL_UARTEx_RxEventCallback  stm32g4xx_hal_uart.o
    0x08003868   0x08003868   0x00000002   Code   RO         4679    i.HAL_UARTEx_RxFifoFullCallback  stm32g4xx_hal_uart_ex.o
    0x0800386a   0x0800386a   0x0000004c   Code   RO         4680    i.HAL_UARTEx_SetRxFifoThreshold  stm32g4xx_hal_uart_ex.o
    0x080038b6   0x080038b6   0x0000004c   Code   RO         4681    i.HAL_UARTEx_SetTxFifoThreshold  stm32g4xx_hal_uart_ex.o
    0x08003902   0x08003902   0x00000002   Code   RO         4683    i.HAL_UARTEx_TxFifoEmptyCallback  stm32g4xx_hal_uart_ex.o
    0x08003904   0x08003904   0x00000002   Code   RO         4684    i.HAL_UARTEx_WakeupCallback  stm32g4xx_hal_uart_ex.o
    0x08003906   0x08003906   0x00000002   Code   RO         4277    i.HAL_UART_ErrorCallback  stm32g4xx_hal_uart.o
    0x08003908   0x08003908   0x000002e0   Code   RO         4280    i.HAL_UART_IRQHandler  stm32g4xx_hal_uart.o
    0x08003be8   0x08003be8   0x0000006a   Code   RO         4281    i.HAL_UART_Init     stm32g4xx_hal_uart.o
    0x08003c52   0x08003c52   0x00000002   PAD
    0x08003c54   0x08003c54   0x00000170   Code   RO          645    i.HAL_UART_MspInit  usart.o
    0x08003dc4   0x08003dc4   0x00000054   Code   RO         4286    i.HAL_UART_Receive_IT  stm32g4xx_hal_uart.o
    0x08003e18   0x08003e18   0x00000054   Code   RO          280    i.HAL_UART_RxCpltCallback  main.o
    0x08003e6c   0x08003e6c   0x000000bc   Code   RO         4290    i.HAL_UART_Transmit  stm32g4xx_hal_uart.o
    0x08003f28   0x08003f28   0x000000a4   Code   RO         4291    i.HAL_UART_Transmit_DMA  stm32g4xx_hal_uart.o
    0x08003fcc   0x08003fcc   0x00000024   Code   RO          281    i.HAL_UART_TxCpltCallback  main.o
    0x08003ff0   0x08003ff0   0x00000002   Code   RO         4294    i.HAL_UART_TxHalfCpltCallback  stm32g4xx_hal_uart.o
    0x08003ff2   0x08003ff2   0x00000002   Code   RO          697    i.HardFault_Handler  stm32g4xx_it.o
    0x08003ff4   0x08003ff4   0x0000000c   Code   RO          864    i.LL_ADC_GetOffsetChannel  stm32g4xx_hal_adc.o
    0x08004000   0x08004000   0x00000008   Code   RO          865    i.LL_ADC_INJ_IsConversionOngoing  stm32g4xx_hal_adc.o
    0x08004008   0x08004008   0x00000008   Code   RO          866    i.LL_ADC_REG_IsConversionOngoing  stm32g4xx_hal_adc.o
    0x08004010   0x08004010   0x00000008   Code   RO         1099    i.LL_ADC_REG_IsConversionOngoing  stm32g4xx_hal_adc_ex.o
    0x08004018   0x08004018   0x00000010   Code   RO          867    i.LL_ADC_REG_IsTriggerSourceSWStart  stm32g4xx_hal_adc.o
    0x08004028   0x08004028   0x0000001e   Code   RO          869    i.LL_ADC_SetChannelSamplingTime  stm32g4xx_hal_adc.o
    0x08004046   0x08004046   0x00000010   Code   RO          870    i.LL_ADC_SetOffsetState  stm32g4xx_hal_adc.o
    0x08004056   0x08004056   0x00000040   Code   RO         5196    i.MPU_IIC_Ack       mpuiic.o
    0x08004096   0x08004096   0x00000010   Code   RO         5197    i.MPU_IIC_Delay     mpuiic.o
    0x080040a6   0x080040a6   0x00000002   PAD
    0x080040a8   0x080040a8   0x00000058   Code   RO         5198    i.MPU_IIC_Init      mpuiic.o
    0x08004100   0x08004100   0x00000032   Code   RO         5199    i.MPU_IIC_NAck      mpuiic.o
    0x08004132   0x08004132   0x0000009a   Code   RO         5200    i.MPU_IIC_Read_Byte  mpuiic.o
    0x080041cc   0x080041cc   0x0000005e   Code   RO         5201    i.MPU_IIC_Send_Byte  mpuiic.o
    0x0800422a   0x0800422a   0x00000042   Code   RO         5202    i.MPU_IIC_Start     mpuiic.o
    0x0800426c   0x0800426c   0x00000034   Code   RO         5203    i.MPU_IIC_Stop      mpuiic.o
    0x080042a0   0x080042a0   0x0000006e   Code   RO         5204    i.MPU_IIC_Wait_Ack  mpuiic.o
    0x0800430e   0x0800430e   0x00000002   PAD
    0x08004310   0x08004310   0x000000c0   Code   RO         5104    i.MPU_Init          mpu6050.o
    0x080043d0   0x080043d0   0x0000003a   Code   RO         5105    i.MPU_Read_Byte     mpu6050.o
    0x0800440a   0x0800440a   0x00000002   PAD
    0x0800440c   0x0800440c   0x0000006c   Code   RO         5106    i.MPU_Read_Len      mpu6050.o
    0x08004478   0x08004478   0x0000000a   Code   RO         5107    i.MPU_Set_Accel_Fsr  mpu6050.o
    0x08004482   0x08004482   0x0000000a   Code   RO         5108    i.MPU_Set_Gyro_Fsr  mpu6050.o
    0x0800448c   0x0800448c   0x00000030   Code   RO         5109    i.MPU_Set_LPF       mpu6050.o
    0x080044bc   0x080044bc   0x0000002e   Code   RO         5110    i.MPU_Set_Rate      mpu6050.o
    0x080044ea   0x080044ea   0x0000003c   Code   RO         5111    i.MPU_Write_Byte    mpu6050.o
    0x08004526   0x08004526   0x00000052   Code   RO         5112    i.MPU_Write_Len     mpu6050.o
    0x08004578   0x08004578   0x000000c8   Code   RO          495    i.MX_ADC1_Init      adc.o
    0x08004640   0x08004640   0x0000006c   Code   RO          535    i.MX_DMA_Init       dma.o
    0x080046ac   0x080046ac   0x00000130   Code   RO          469    i.MX_GPIO_Init      gpio.o
    0x080047dc   0x080047dc   0x00000050   Code   RO          561    i.MX_SPI1_Init      spi.o
    0x0800482c   0x0800482c   0x00000068   Code   RO          646    i.MX_USART1_UART_Init  usart.o
    0x08004894   0x08004894   0x00000068   Code   RO          647    i.MX_USART2_UART_Init  usart.o
    0x080048fc   0x080048fc   0x00000002   Code   RO          698    i.MemManage_Handler  stm32g4xx_it.o
    0x080048fe   0x080048fe   0x00000002   Code   RO          699    i.NMI_Handler       stm32g4xx_it.o
    0x08004900   0x08004900   0x00000002   Code   RO          700    i.PendSV_Handler    stm32g4xx_it.o
    0x08004902   0x08004902   0x00000002   PAD
    0x08004904   0x08004904   0x000000a4   Code   RO          282    i.ProcessResistorScan  main.o
    0x080049a8   0x080049a8   0x0000000c   Code   RO          701    i.SPI1_IRQHandler   stm32g4xx_it.o
    0x080049b4   0x080049b4   0x00000012   Code   RO         2794    i.SPI_DMAAbortOnError  stm32g4xx_hal_spi.o
    0x080049c6   0x080049c6   0x00000002   Code   RO          702    i.SVC_Handler       stm32g4xx_it.o
    0x080049c8   0x080049c8   0x0000007c   Code   RO          284    i.SetNSSAddress     main.o
    0x08004a44   0x08004a44   0x00000080   Code   RO          285    i.Set_Bend_Address  main.o
    0x08004ac4   0x08004ac4   0x00000004   Code   RO          703    i.SysTick_Handler   stm32g4xx_it.o
    0x08004ac8   0x08004ac8   0x00000066   Code   RO          286    i.SystemClock_Config  main.o
    0x08004b2e   0x08004b2e   0x00000002   PAD
    0x08004b30   0x08004b30   0x00000010   Code   RO         4785    i.SystemInit        system_stm32g4xx.o
    0x08004b40   0x08004b40   0x0000000c   Code   RO          704    i.TIM2_IRQHandler   stm32g4xx_it.o
    0x08004b4c   0x08004b4c   0x00000044   Code   RO         4685    i.UARTEx_SetNbDataToProcess  stm32g4xx_hal_uart_ex.o
    0x08004b90   0x08004b90   0x000000c8   Code   RO         4295    i.UART_AdvFeatureConfig  stm32g4xx_hal_uart.o
    0x08004c58   0x08004c58   0x00000060   Code   RO         4296    i.UART_CheckIdleState  stm32g4xx_hal_uart.o
    0x08004cb8   0x08004cb8   0x00000014   Code   RO         4297    i.UART_DMAAbortOnError  stm32g4xx_hal_uart.o
    0x08004ccc   0x08004ccc   0x00000050   Code   RO         4298    i.UART_DMAError     stm32g4xx_hal_uart.o
    0x08004d1c   0x08004d1c   0x00000042   Code   RO         4303    i.UART_DMATransmitCplt  stm32g4xx_hal_uart.o
    0x08004d5e   0x08004d5e   0x0000000a   Code   RO         4305    i.UART_DMATxHalfCplt  stm32g4xx_hal_uart.o
    0x08004d68   0x08004d68   0x00000054   Code   RO         4307    i.UART_EndRxTransfer  stm32g4xx_hal_uart.o
    0x08004dbc   0x08004dbc   0x0000002e   Code   RO         4308    i.UART_EndTxTransfer  stm32g4xx_hal_uart.o
    0x08004dea   0x08004dea   0x000000a2   Code   RO         4309    i.UART_RxISR_16BIT  stm32g4xx_hal_uart.o
    0x08004e8c   0x08004e8c   0x00000174   Code   RO         4310    i.UART_RxISR_16BIT_FIFOEN  stm32g4xx_hal_uart.o
    0x08005000   0x08005000   0x000000a2   Code   RO         4311    i.UART_RxISR_8BIT   stm32g4xx_hal_uart.o
    0x080050a2   0x080050a2   0x00000002   PAD
    0x080050a4   0x080050a4   0x00000174   Code   RO         4312    i.UART_RxISR_8BIT_FIFOEN  stm32g4xx_hal_uart.o
    0x08005218   0x08005218   0x00000274   Code   RO         4313    i.UART_SetConfig    stm32g4xx_hal_uart.o
    0x0800548c   0x0800548c   0x00000118   Code   RO         4315    i.UART_Start_Receive_IT  stm32g4xx_hal_uart.o
    0x080055a4   0x080055a4   0x000000c6   Code   RO         4320    i.UART_WaitOnFlagUntilTimeout  stm32g4xx_hal_uart.o
    0x0800566a   0x0800566a   0x00000002   PAD
    0x0800566c   0x0800566c   0x0000000c   Code   RO          705    i.USART1_IRQHandler  stm32g4xx_it.o
    0x08005678   0x08005678   0x0000000c   Code   RO          706    i.USART2_IRQHandler  stm32g4xx_it.o
    0x08005684   0x08005684   0x00000002   Code   RO          707    i.UsageFault_Handler  stm32g4xx_it.o
    0x08005686   0x08005686   0x00000030   Code   RO         6035    i.__ARM_fpclassify  m_wm.l(fpclassify.o)
    0x080056b6   0x080056b6   0x00000020   Code   RO         2639    i.__NVIC_SetPriority  stm32g4xx_hal_cortex.o
    0x080056d6   0x080056d6   0x0000000e   Code   RO         5862    i._is_digit         c_w.l(__printf_wp.o)
    0x080056e4   0x080056e4   0x00000090   Code   RO         5268    i.accel_self_test   inv_mpu.o
    0x08005774   0x08005774   0x0000008c   Code   RO          287    i.ad_to_params      main.o
    0x08005800   0x08005800   0x0000003a   Code   RO         5625    i.dmp_enable_6x_lp_quat  inv_mpu_dmp_motion_driver.o
    0x0800583a   0x0800583a   0x00000002   PAD
    0x0800583c   0x0800583c   0x000001d8   Code   RO         5626    i.dmp_enable_feature  inv_mpu_dmp_motion_driver.o
    0x08005a14   0x08005a14   0x0000003c   Code   RO         5627    i.dmp_enable_gyro_cal  inv_mpu_dmp_motion_driver.o
    0x08005a50   0x08005a50   0x0000003a   Code   RO         5628    i.dmp_enable_lp_quat  inv_mpu_dmp_motion_driver.o
    0x08005a8a   0x08005a8a   0x00000002   PAD
    0x08005a8c   0x08005a8c   0x00000014   Code   RO         5633    i.dmp_load_motion_driver_firmware  inv_mpu_dmp_motion_driver.o
    0x08005aa0   0x08005aa0   0x000000d8   Code   RO         5637    i.dmp_set_accel_bias  inv_mpu_dmp_motion_driver.o
    0x08005b78   0x08005b78   0x00000064   Code   RO         5638    i.dmp_set_fifo_rate  inv_mpu_dmp_motion_driver.o
    0x08005bdc   0x08005bdc   0x000000cc   Code   RO         5639    i.dmp_set_gyro_bias  inv_mpu_dmp_motion_driver.o
    0x08005ca8   0x08005ca8   0x0000010c   Code   RO         5641    i.dmp_set_orientation  inv_mpu_dmp_motion_driver.o
    0x08005db4   0x08005db4   0x00000030   Code   RO         5644    i.dmp_set_shake_reject_thresh  inv_mpu_dmp_motion_driver.o
    0x08005de4   0x08005de4   0x00000020   Code   RO         5645    i.dmp_set_shake_reject_time  inv_mpu_dmp_motion_driver.o
    0x08005e04   0x08005e04   0x00000020   Code   RO         5646    i.dmp_set_shake_reject_timeout  inv_mpu_dmp_motion_driver.o
    0x08005e24   0x08005e24   0x00000040   Code   RO         5647    i.dmp_set_tap_axes  inv_mpu_dmp_motion_driver.o
    0x08005e64   0x08005e64   0x00000022   Code   RO         5648    i.dmp_set_tap_count  inv_mpu_dmp_motion_driver.o
    0x08005e86   0x08005e86   0x00000002   PAD
    0x08005e88   0x08005e88   0x00000160   Code   RO         5649    i.dmp_set_tap_thresh  inv_mpu_dmp_motion_driver.o
    0x08005fe8   0x08005fe8   0x00000020   Code   RO         5650    i.dmp_set_tap_time  inv_mpu_dmp_motion_driver.o
    0x08006008   0x08006008   0x00000020   Code   RO         5651    i.dmp_set_tap_time_multi  inv_mpu_dmp_motion_driver.o
    0x08006028   0x08006028   0x00000098   Code   RO          288    i.force_from_inv_r  main.o
    0x080060c0   0x080060c0   0x000000b4   Code   RO         5269    i.get_accel_prod_shift  inv_mpu.o
    0x08006174   0x08006174   0x00000314   Code   RO         5270    i.get_st_biases     inv_mpu.o
    0x08006488   0x08006488   0x000000d4   Code   RO         5271    i.gyro_self_test    inv_mpu.o
    0x0800655c   0x0800655c   0x00000022   Code   RO         5272    i.inv_orientation_matrix_to_scalar  inv_mpu.o
    0x0800657e   0x0800657e   0x00000048   Code   RO         5273    i.inv_row_2_scale   inv_mpu.o
    0x080065c6   0x080065c6   0x00000002   PAD
    0x080065c8   0x080065c8   0x00000134   Code   RO          289    i.main              main.o
    0x080066fc   0x080066fc   0x00000054   Code   RO         5275    i.mpu_configure_fifo  inv_mpu.o
    0x08006750   0x08006750   0x000000a4   Code   RO         5277    i.mpu_dmp_init      inv_mpu.o
    0x080067f4   0x080067f4   0x0000003c   Code   RO         5278    i.mpu_get_accel_fsr  inv_mpu.o
    0x08006830   0x08006830   0x00000044   Code   RO         5280    i.mpu_get_accel_sens  inv_mpu.o
    0x08006874   0x08006874   0x00000034   Code   RO         5286    i.mpu_get_gyro_fsr  inv_mpu.o
    0x080068a8   0x080068a8   0x0000004c   Code   RO         5288    i.mpu_get_gyro_sens  inv_mpu.o
    0x080068f4   0x080068f4   0x00000038   Code   RO         5290    i.mpu_get_lpf       inv_mpu.o
    0x0800692c   0x0800692c   0x0000001c   Code   RO         5292    i.mpu_get_sample_rate  inv_mpu.o
    0x08006948   0x08006948   0x00000154   Code   RO         5294    i.mpu_init          inv_mpu.o
    0x08006a9c   0x08006a9c   0x000000a0   Code   RO         5295    i.mpu_load_firmware  inv_mpu.o
    0x08006b3c   0x08006b3c   0x000000b8   Code   RO         5296    i.mpu_lp_accel_mode  inv_mpu.o
    0x08006bf4   0x08006bf4   0x00000054   Code   RO         5300    i.mpu_read_mem      inv_mpu.o
    0x08006c48   0x08006c48   0x00000160   Code   RO         5303    i.mpu_reset_fifo    inv_mpu.o
    0x08006da8   0x08006da8   0x000000f0   Code   RO         5304    i.mpu_run_self_test  inv_mpu.o
    0x08006e98   0x08006e98   0x00000068   Code   RO         5306    i.mpu_set_accel_fsr  inv_mpu.o
    0x08006f00   0x08006f00   0x000000dc   Code   RO         5307    i.mpu_set_bypass    inv_mpu.o
    0x08006fdc   0x08006fdc   0x00000078   Code   RO         5309    i.mpu_set_dmp_state  inv_mpu.o
    0x08007054   0x08007054   0x0000006c   Code   RO         5310    i.mpu_set_gyro_fsr  inv_mpu.o
    0x080070c0   0x080070c0   0x00000064   Code   RO         5311    i.mpu_set_int_latched  inv_mpu.o
    0x08007124   0x08007124   0x0000006c   Code   RO         5313    i.mpu_set_lpf       inv_mpu.o
    0x08007190   0x08007190   0x00000080   Code   RO         5314    i.mpu_set_sample_rate  inv_mpu.o
    0x08007210   0x08007210   0x000000b8   Code   RO         5315    i.mpu_set_sensors   inv_mpu.o
    0x080072c8   0x080072c8   0x00000054   Code   RO         5316    i.mpu_write_mem     inv_mpu.o
    0x0800731c   0x0800731c   0x00000088   Code   RO         5317    i.run_self_test     inv_mpu.o
    0x080073a4   0x080073a4   0x00000120   Code   RO          290    i.send_sensor_data_json  main.o
    0x080074c4   0x080074c4   0x00000058   Code   RO         5318    i.set_int_enable    inv_mpu.o
    0x0800751c   0x0800751c   0x0000002c   Code   RO         6113    locale$$code        c_w.l(lc_numeric_c.o)
    0x08007548   0x08007548   0x0000000c   Code   RO         5992    x$fpl$dretinf       fz_wm.l(dretinf.o)
    0x08007554   0x08007554   0x00000056   Code   RO         5914    x$fpl$f2d           fz_wm.l(f2d.o)
    0x080075aa   0x080075aa   0x0000008c   Code   RO         5996    x$fpl$fnaninf       fz_wm.l(fnaninf.o)
    0x08007636   0x08007636   0x0000000a   Code   RO         6333    x$fpl$fpinit        fz_wm.l(fpinit.o)
    0x08007640   0x08007640   0x00000004   Code   RO         5916    x$fpl$printf1       fz_wm.l(printf1.o)
    0x08007644   0x08007644   0x00000000   Code   RO         6000    x$fpl$usenofp       fz_wm.l(usenofp.o)
    0x08007644   0x08007644   0x00000050   Data   RO          301    .constdata          main.o
    0x08007694   0x08007694   0x00000018   Data   RO         4321    .constdata          stm32g4xx_hal_uart.o
    0x080076ac   0x080076ac   0x00000010   Data   RO         4686    .constdata          stm32g4xx_hal_uart_ex.o
    0x080076bc   0x080076bc   0x00000010   Data   RO         4786    .constdata          system_stm32g4xx.o
    0x080076cc   0x080076cc   0x00000008   Data   RO         4787    .constdata          system_stm32g4xx.o
    0x080076d4   0x080076d4   0x0000001b   Data   RO         5320    .constdata          inv_mpu.o
    0x080076ef   0x080076ef   0x00000001   PAD
    0x080076f0   0x080076f0   0x0000000c   Data   RO         5321    .constdata          inv_mpu.o
    0x080076fc   0x080076fc   0x00000028   Data   RO         5322    .constdata          inv_mpu.o
    0x08007724   0x08007724   0x00000bf6   Data   RO         5653    .constdata          inv_mpu_dmp_motion_driver.o
    0x0800831a   0x0800831a   0x00000011   Data   RO         5870    .constdata          c_w.l(__printf_flags_ss_wp.o)
    0x0800832b   0x0800832b   0x00000001   PAD
    0x0800832c   0x0800832c   0x00000094   Data   RO         6074    .constdata          c_w.l(bigflt0.o)
    0x080083c0   0x080083c0   0x00000043   Data   RO          302    .conststring        main.o
    0x08008403   0x08008403   0x00000001   PAD
    0x08008404   0x08008404   0x00000020   Data   RO         6412    Region$$Table       anon$$obj.o
    0x08008424   0x08008424   0x0000001c   Data   RO         6112    locale$$data        c_w.l(lc_numeric_c.o)


    Execution Region RW_IRAM1 (Exec base: 0x20000000, Load base: 0x08008440, Size: 0x000015a8, Max: 0x00008000, ABSOLUTE)

    Exec Addr    Load Addr    Size         Type   Attr      Idx    E Section Name        Object

    0x20000000   0x08008440   0x00000014   Data   RW          303    .data               main.o
    0x20000014   0x08008454   0x0000000c   Data   RW         1316    .data               stm32g4xx_hal.o
    0x20000020   0x08008460   0x00000004   Data   RW         4788    .data               system_stm32g4xx.o
    0x20000024   0x08008464   0x00000035   Data   RW         5323    .data               inv_mpu.o
    0x20000059   0x08008499   0x00000003   PAD
    0x2000005c        -       0x00000b7c   Zero   RW          291    .bss                main.o
    0x20000bd8        -       0x000000cc   Zero   RW          496    .bss                adc.o
    0x20000ca4        -       0x00000064   Zero   RW          562    .bss                spi.o
    0x20000d08        -       0x0000004c   Zero   RW          605    .bss                tim.o
    0x20000d54        -       0x000001e0   Zero   RW          648    .bss                usart.o
    0x20000f34        -       0x00000010   Zero   RW         5652    .bss                inv_mpu_dmp_motion_driver.o
    0x20000f44        -       0x00000060   Zero   RW         6125    .bss                c_w.l(libspace.o)
    0x20000fa4   0x08008499   0x00000004   PAD
    0x20000fa8        -       0x00000200   Zero   RW            2    HEAP                startup_stm32g431xx.o
    0x200011a8        -       0x00000400   Zero   RW            1    STACK               startup_stm32g431xx.o


==============================================================================

Image component sizes


      Code (inc. data)   RO Data    RW Data    ZI Data      Debug   Object Name

       408         32          0          0        204       1999   adc.o
       108          4          0          0          0        858   dma.o
       304         14          0          0          0       1035   gpio.o
      4758        212         79         53          0      29516   inv_mpu.o
      2082        130       3062          0         16      18930   inv_mpu_dmp_motion_driver.o
      1556        266        147         20       2940      12621   main.o
       614         10          0          0          0       6393   mpu6050.o
       694          4          0          0          0       5746   mpuiic.o
         0          0          0          0          0     690616   myiic.o
       192         18          0          0        100       1693   spi.o
        64         26        472          0       1536        840   startup_stm32g431xx.o
       162         24          0         12          0       4305   stm32g4xx_hal.o
      2260        120          0          0          0      80559   stm32g4xx_hal_adc.o
       372         18          0          0          0      68765   stm32g4xx_hal_adc_ex.o
       198         14          0          0          0      33827   stm32g4xx_hal_cortex.o
       906         30          0          0          0       6546   stm32g4xx_hal_dma.o
       620         34          0          0          0       3636   stm32g4xx_hal_gpio.o
        48          6          0          0          0        858   stm32g4xx_hal_msp.o
       204         18          0          0          0       1401   stm32g4xx_hal_pwr_ex.o
      1696         92          0          0          0       6268   stm32g4xx_hal_rcc.o
       648         10          0          0          0       1872   stm32g4xx_hal_rcc_ex.o
       504          6          0          0          0       2932   stm32g4xx_hal_spi.o
       516          0          0          0          0       4696   stm32g4xx_hal_tim.o
        14          0          0          0          0       4468   stm32g4xx_hal_tim_ex.o
      4060        138         24          0          0      40030   stm32g4xx_hal_uart.o
       288          6         16          0          0       5342   stm32g4xx_hal_uart_ex.o
       116         44          0          0          0       7479   stm32g4xx_it.o
        16          4         24          4          0       1123   system_stm32g4xx.o
         0          0          0          0         76        196   tim.o
       576         48          0          0        480       2757   usart.o

    ----------------------------------------------------------------------
     24018       1328       3858         92       5352    1047307   Object Totals
         0          0         32          0          0          0   (incl. Generated)
        34          0          2          3          0          0   (incl. Padding)

    ----------------------------------------------------------------------

      Code (inc. data)   RO Data    RW Data    ZI Data      Debug   Library Member Name

        56          6          0          0          0         88   __2snprintf.o
        44          6          0          0          0         84   __2sprintf.o
         8          0          0          0          0         68   __main.o
       392          4         17          0          0         92   __printf_flags_ss_wp.o
        14          0          0          0          0         68   __printf_wp.o
         0          0          0          0          0          0   __rtentry.o
        12          0          0          0          0          0   __rtentry2.o
         6          0          0          0          0          0   __rtentry4.o
        52          8          0          0          0          0   __scatter.o
        26          0          0          0          0          0   __scatter_copy.o
        28          0          0          0          0          0   __scatter_zi.o
        48          6          0          0          0         96   _printf_char_common.o
       120         16          0          0          0         92   _printf_dec.o
         6          0          0          0          0          0   _printf_f.o
      1054          0          0          0          0        216   _printf_fp_dec.o
       128         16          0          0          0         84   _printf_fp_infnan.o
       178          0          0          0          0         88   _printf_intcommon.o
         0          0          0          0          0          0   _printf_percent.o
         4          0          0          0          0          0   _printf_percent_end.o
         6          0          0          0          0          0   _printf_u.o
        16          0          0          0          0         68   _snputc.o
        10          0          0          0          0         68   _sputc.o
        16          0          0          0          0         68   aeabi_memset.o
       228          4        148          0          0         96   bigflt0.o
      1936        128          0          0          0        672   btod.o
        18          0          0          0          0         80   exit.o
         6          0          0          0          0        152   heapauxi.o
         0          0          0          0          0          0   indicate_semi.o
        44         10         28          0          0         76   lc_numeric_c.o
         2          0          0          0          0          0   libinit.o
        22          0          0          0          0          0   libinit2.o
         2          0          0          0          0          0   libshutdown.o
         2          0          0          0          0          0   libshutdown2.o
         8          4          0          0         96         68   libspace.o
        72          0          0          0          0         76   llsdiv.o
       138          0          0          0          0         80   lludiv10.o
       238          0          0          0          0        100   lludivv7m.o
        88          0          0          0          0         76   memcmp.o
         8          4          0          0          0         68   rt_locale_intlibspace.o
        68          0          0          0          0         68   rt_memclr.o
        78          0          0          0          0         80   rt_memclr_w.o
         2          0          0          0          0          0   rtexit.o
        10          0          0          0          0          0   rtexit2.o
       128          0          0          0          0         68   strcmpv7m.o
        62          0          0          0          0         76   strlen.o
        12          4          0          0          0         68   sys_exit.o
        74          0          0          0          0         80   sys_stackheap_outer.o
         2          0          0          0          0         68   use_no_semi.o
        12          0          0          0          0        116   dretinf.o
        86          4          0          0          0        132   f2d.o
       140          4          0          0          0        132   fnaninf.o
        10          0          0          0          0        116   fpinit.o
         4          0          0          0          0        116   printf1.o
         0          0          0          0          0          0   usenofp.o
        48          0          0          0          0        124   fpclassify.o

    ----------------------------------------------------------------------
      5786        224        194          0        100       3968   Library Totals
        14          0          1          0          4          0   (incl. Padding)

    ----------------------------------------------------------------------

      Code (inc. data)   RO Data    RW Data    ZI Data      Debug   Library Name

      5472        216        193          0         96       3232   c_w.l
       252          8          0          0          0        612   fz_wm.l
        48          0          0          0          0        124   m_wm.l

    ----------------------------------------------------------------------
      5786        224        194          0        100       3968   Library Totals

    ----------------------------------------------------------------------

==============================================================================


      Code (inc. data)   RO Data    RW Data    ZI Data      Debug   

     29804       1552       4052         92       5452    1029755   Grand Totals
     29804       1552       4052         92       5452    1029755   ELF Image Totals
     29804       1552       4052         92          0          0   ROM Totals

==============================================================================

    Total RO  Size (Code + RO Data)                33856 (  33.06kB)
    Total RW  Size (RW Data + ZI Data)              5544 (   5.41kB)
    Total ROM Size (Code + RO Data + RW Data)      33948 (  33.15kB)

==============================================================================

